[Licensing::Module] Trying to connect to existing licensing client channel...
Built from '6000.5/staging' branch; Version is '6000.5.8f1 (5cb7df797b7d) revision 6076383'; Using compiler version '194234433'; Build Type 'Release'
[Licensing::IpcConnector] Channel LicenseClient-minht doesn't exist
OS: 'Windows 11  (10.0.26300) CoreSingleLanguage' Language: 'en' Physical Memory: 32345 MB
BatchMode: 1, IsHumanControllingUs: 0, StartBugReporterOnCrash: 0, Is64bit: 1
System  architecture: x64
Process architecture: x64
Date: 2026-10-10T10:42:10Z
[Licensing::Module] Successfully launched the LicensingClient (PId: 1580)

COMMAND LINE ARGUMENTS:
C:\Program Files\Unity\Hub\Editor\6000.5.8f1\Editor\Unity.exe
-batchmode
-force-d3d11
-projectPath
D:\WORK\RESEARCH\POVGame\boxer-wave1\unity\BoxerP0
-executeMethod
BoxerP0.Editor.Wave1RuntimeAudit.Run
-logFile
D:\WORK\RESEARCH\POVGame\boxer-wave1\evidence\wave1\bell-repair\controller-d3d11.log
Successfully changed project path to: D:\WORK\RESEARCH\POVGame\boxer-wave1\unity\BoxerP0
D:/WORK/RESEARCH/POVGame/boxer-wave1/unity/BoxerP0
[UnityMemory] Configuration Parameters - Can be set up in boot.config
    "memorysetup-temp-allocator-size-gi-baking-worker=262144"
    "memorysetup-temp-allocator-size-gi-baking-worker=262144"
    "memorysetup-temp-allocator-size-gi-baking-worker=262144"
    "memorysetup-temp-allocator-size-gi-baking-worker=262144"
    "memorysetup-temp-allocator-size-gi-baking-worker=262144"
    "memorysetup-temp-allocator-size-nav-mesh-worker=65536"
    "memorysetup-temp-allocator-size-audio-worker=65536"
    "memorysetup-temp-allocator-size-cloud-worker=32768"
    "memorysetup-temp-allocator-size-gfx=262144"
    "memorysetup-temp-allocator-size-preload-manager=33554432"
    "memorysetup-allocator-temp-initial-block-size-main=262144"
    "memorysetup-allocator-temp-initial-block-size-worker=262144"
    "memorysetup-temp-allocator-size-job-worker=262144"
    "memorysetup-temp-allocator-size-background-worker=32768"
    "memorysetup-bucket-allocator-granularity=16"
    "memorysetup-bucket-allocator-bucket-count=8"
    "memorysetup-bucket-allocator-block-size=33554432"
    "memorysetup-bucket-allocator-block-count=8"
    "memorysetup-main-allocator-block-size=16777216"
    "memorysetup-thread-allocator-block-size=16777216"
    "memorysetup-main-allocator-mimalloc-enabled=0"
    "memorysetup-gfx-main-allocator-block-size=16777216"
    "memorysetup-gfx-thread-allocator-block-size=16777216"
    "memorysetup-cache-allocator-block-size=4194304"
    "memorysetup-typetree-allocator-block-size=2097152"
    "memorysetup-profiler-bucket-allocator-granularity=16"
    "memorysetup-profiler-bucket-allocator-bucket-count=8"
    "memorysetup-profiler-bucket-allocator-block-size=33554432"
    "memorysetup-profiler-bucket-allocator-block-count=8"
    "memorysetup-profiler-allocator-block-size=16777216"
    "memorysetup-profiler-editor-allocator-block-size=1048576"
    "memorysetup-temp-allocator-size-main=16777216"
    "memorysetup-job-temp-allocator-block-size=2097152"
    "memorysetup-job-temp-allocator-block-size-background=1048576"
    "memorysetup-job-temp-allocator-reduction-small-platforms=262144"
Logging is directed to a specific file, skipping project log.Player connection [21248]  Target information:

Player connection [21248]  * "[IP] 172.25.96.1 [Port] 55504 [Flags] 2 [Guid] 330061476 [EditorId] 330061476 [Version] 1048832 [Id] WindowsEditor(7,DESKTOP-4PSD0G2) [Debug] 1 [PackageName] WindowsEditor [ProjectName] Editor" 

Player connection [21248]  * "[IP] 192.168.1.18 [Port] 55504 [Flags] 2 [Guid] 330061476 [EditorId] 330061476 [Version] 1048832 [Id] WindowsEditor(7,DESKTOP-4PSD0G2) [Debug] 1 [PackageName] WindowsEditor [ProjectName] Editor" 

Player connection [21248] Host joined multi-casting on [225.0.0.222:54997]...
Player connection [21248] Host joined alternative multi-casting on [225.0.0.222:34997]...
Input System module state changed to: Initialized.
[Physics::Module] Initialized fallback backend.
[Physics::Module] Id: 0xdecafbad
[Licensing::IpcConnector] Successfully connected to: "LicenseClient-minht" at "2026-10-10T10:42:11.3110877Z"
[Licensing::Client] Code 10 while verifying Licensing Client signature (process Id: 1580, path: "C:/Program Files/Unity/Hub/Editor/6000.5.8f1/Editor/Data/Resources/Licensing/Client/Unity.Licensing.Client.exe")
[Licensing::Module] LicensingClient has failed validation; ignoring
[Package Manager] Connected to IPC stream "Upm-25816" after 0.4 seconds.
[Licensing::Module] Licensing is not yet initialized.
[Licensing::Client] Handshaking with LicensingClient:
  Version:                 1.18.1+9fbee8e
  Session Id:              5152d04fff2c40899f5189bc24681181
  Correlation Id:          2496a5259f4dd6e58270508557164035
  External correlation Id: 4394785127332101932
  Machine Id:              gaoNjVOiA5/w7c0j7NjRnkSH0Fg=
[Licensing::Module] Successfully connected to LicensingClient on channel: "LicenseClient-minht" (connect: 0.38s, validation: 0.21s, handshake: 0.06s)
[Licensing::IpcConnector] Successfully connected to: "LicenseClient-minht-notifications" at "2026-10-10T10:42:11.585769Z"
[Licensing::Module] Connected to LicensingClient (PId: 1580, launch time: 0.00, total connection time: 0.66s)
[Licensing::Module] Error: Access token is unavailable; failed to update
[Licensing::Client] Successfully resolved entitlement details
[Licensing::Module] License group:
  Id: F4-84B2-AJYW-2F6S-HS3K-XXXX
  Product: Unity Personal
  Type: ULF
  Expiration: 2026-11-16T11:41:30Z
[Licensing::Module] License group:
  Id: 18968483178885-UnityPersXXXX
  Product: Unity Personal
  Type: Assigned
  Expiration: Unlimited
[Licensing::Client] Successfully updated license, isAsync: True, time: 0.01
[Licensing::Client] Successfully resolved entitlement details
[Licensing::Module] License group:
  Id: F4-84B2-AJYW-2F6S-HS3K-XXXX
  Product: Unity Personal
  Type: ULF
  Expiration: 2026-11-16T11:41:30Z
[Licensing::Module] License group:
  Id: 18968483178885-UnityPersXXXX
  Product: Unity Personal
  Type: Assigned
  Expiration: Unlimited
[Licensing::Module] Licensing Background thread has ended after 0.70s
[Licensing::Module] Licensing is initialized (took 0.08s).
[Licensing::Client] Successfully resolved entitlement details
[Licensing::Module] License group:
  Id: F4-84B2-AJYW-2F6S-HS3K-XXXX
  Product: Unity Personal
  Type: ULF
  Expiration: 2026-11-16T11:41:30Z
[Licensing::Module] License group:
  Id: 18968483178885-UnityPersXXXX
  Product: Unity Personal
  Type: Assigned
  Expiration: Unlimited
Library Redirect Path: Library/
[Physics::Module] Selected backend.
[Physics::Module] Name: PhysX
[Physics::Module] Id: 0xf2b8ea05
[Physics::Module] SDK Version: 4.1.2
[Physics::Module] Integration Version: 1.0.0
[Physics::Module] Threading Mode: Multi-Threaded
Artifact Garbage Collection - Removed 1 unused hashed content files
Initialize engine version: 6000.5.8f1 (5cb7df797b7d)
[Subsystems] Discovering subsystems at path C:/Program Files/Unity/Hub/Editor/6000.5.8f1/Editor/Data/Resources/UnitySubsystems
[Subsystems] Discovering subsystems at path D:/WORK/RESEARCH/POVGame/boxer-wave1/unity/BoxerP0/Assets
Forcing GfxDevice: Direct3D 11
GfxDevice: creating device client; kGfxThreadingModeNonThreaded
Direct3D:
    Version:  Direct3D 11.0 [level 11.1]
    Renderer: Intel(R) Arc(TM) 140V GPU (16GB) (ID=0x64a0)
    Vendor:   Intel
    VRAM:     18436 MB
    Driver:   32.0.101.8860
Initialize mono
Mono path[0] = 'C:/Program Files/Unity/Hub/Editor/6000.5.8f1/Editor/Data/Managed'
Mono path[1] = 'C:/Program Files/Unity/Hub/Editor/6000.5.8f1/Editor/Data/BCLExtensions/runtime/netstandard2.1'
Mono path[2] = 'C:/Program Files/Unity/Hub/Editor/6000.5.8f1/Editor/Data/MonoBleedingEdge/lib/mono/unityjit-win32'
Mono config path = 'C:/Program Files/Unity/Hub/Editor/6000.5.8f1/Editor/Data/MonoBleedingEdge/etc'
Using monoOptions --debugger-agent=transport=dt_socket,embedding=1,server=y,suspend=n,address=127.0.0.1:56816
CodeReloadManager initialized
ImportWorker Server TCP listen port: 0
AcceleratorClientConnectionCallback - disconnected - :0
Begin MonoManager ReloadAssembly
Registering precompiled unity dll's ...
Register platform support module: C:/Program Files/Unity/Hub/Editor/6000.5.8f1/Editor/Data/PlaybackEngines/WebGLSupport/UnityEditor.WebGL.Extensions.dll
Register platform support module: C:/Program Files/Unity/Hub/Editor/6000.5.8f1/Editor/Data/PlaybackEngines/WindowsStandaloneSupport/UnityEditor.WindowsStandalone.Extensions.dll
Registered in 0.002084 seconds.
Native extension for WindowsStandalone target not found
Native extension for WebGL target not found
Package Manager log level set to [2]
ScheduleIndexationOnStartup MainProcess:False IndexOnStartup:False
Mono: successfully reloaded assembly
- Finished resetting the current domain, in  0.481 seconds
Domain Reload Profiling: 967ms
	BeginReloadAssembly (132ms)
		CreateAndSetChildDomain (7ms)
	RebuildCommonClasses (4ms)
	RebuildNativeTypeToScriptingClass (14ms)
	initialDomainReloadingComplete (64ms)
	LoadAllAssembliesAndSetupDomain (272ms)
		LoadAssemblies (122ms)
		AnalyzeDomain (196ms)
			TypeCache.Refresh (194ms)
				TypeCache.ScanAssembly (181ms)
	FinalizeReload (482ms)
		SetupLoadedEditorAssemblies (0ms)
			BeforeProcessingInitializeOnLoad (74ms)
			ProcessInitializeOnLoadAttributes (100ms)
			ProcessInitializeOnLoadMethodAttributes (252ms)
[Licensing::Client] Successfully resolved entitlement details
[Licensing::Module] License group:
  Id: F4-84B2-AJYW-2F6S-HS3K-XXXX
  Product: Unity Personal
  Type: ULF
  Expiration: 2026-11-16T11:41:30Z
[Licensing::Module] License group:
  Id: 18968483178885-UnityPersXXXX
  Product: Unity Personal
  Type: Assigned
  Expiration: Unlimited
Application.AssetDatabase Initial Refresh Start
[Package Manager] Restoring resolved packages state from cache
[Licensing::Client] Successfully resolved entitlement details
[Package Manager] Registered 37 packages:
  Built-in packages:
    com.unity.multiplayer.center@1.0.1 (location: D:\WORK\RESEARCH\POVGame\boxer-wave1\unity\BoxerP0\Library\PackageCache\com.unity.multiplayer.center@b860850997d0)
    com.unity.modules.accessibility@1.0.0 (location: D:\WORK\RESEARCH\POVGame\boxer-wave1\unity\BoxerP0\Library\PackageCache\com.unity.modules.accessibility)
    com.unity.modules.adaptiveperformance@1.0.0 (location: D:\WORK\RESEARCH\POVGame\boxer-wave1\unity\BoxerP0\Library\PackageCache\com.unity.modules.adaptiveperformance)
    com.unity.modules.ai@1.0.0 (location: D:\WORK\RESEARCH\POVGame\boxer-wave1\unity\BoxerP0\Library\PackageCache\com.unity.modules.ai)
    com.unity.modules.androidjni@1.0.0 (location: D:\WORK\RESEARCH\POVGame\boxer-wave1\unity\BoxerP0\Library\PackageCache\com.unity.modules.androidjni)
    com.unity.modules.animation@1.0.0 (location: D:\WORK\RESEARCH\POVGame\boxer-wave1\unity\BoxerP0\Library\PackageCache\com.unity.modules.animation)
    com.unity.modules.assetbundle@1.0.0 (location: D:\WORK\RESEARCH\POVGame\boxer-wave1\unity\BoxerP0\Library\PackageCache\com.unity.modules.assetbundle)
    com.unity.modules.audio@1.0.0 (location: D:\WORK\RESEARCH\POVGame\boxer-wave1\unity\BoxerP0\Library\PackageCache\com.unity.modules.audio)
    com.unity.modules.cloth@1.0.0 (location: D:\WORK\RESEARCH\POVGame\boxer-wave1\unity\BoxerP0\Library\PackageCache\com.unity.modules.cloth)
    com.unity.modules.director@1.0.0 (location: D:\WORK\RESEARCH\POVGame\boxer-wave1\unity\BoxerP0\Library\PackageCache\com.unity.modules.director)
    com.unity.modules.imageconversion@1.0.0 (location: D:\WORK\RESEARCH\POVGame\boxer-wave1\unity\BoxerP0\Library\PackageCache\com.unity.modules.imageconversion)
    com.unity.modules.imgui@1.0.0 (location: D:\WORK\RESEARCH\POVGame\boxer-wave1\unity\BoxerP0\Library\PackageCache\com.unity.modules.imgui)
    com.unity.modules.jsonserialize@1.0.0 (location: D:\WORK\RESEARCH\POVGame\boxer-wave1\unity\BoxerP0\Library\PackageCache\com.unity.modules.jsonserialize)
    com.unity.modules.particlesystem@1.0.0 (location: D:\WORK\RESEARCH\POVGame\boxer-wave1\unity\BoxerP0\Library\PackageCache\com.unity.modules.particlesystem)
    com.unity.modules.physics@1.0.0 (location: D:\WORK\RESEARCH\POVGame\boxer-wave1\unity\BoxerP0\Library\PackageCache\com.unity.modules.physics)
    com.unity.modules.physics2d@1.0.0 (location: D:\WORK\RESEARCH\POVGame\boxer-wave1\unity\BoxerP0\Library\PackageCache\com.unity.modules.physics2d)
    com.unity.modules.physicscore2d@1.0.0 (location: D:\WORK\RESEARCH\POVGame\boxer-wave1\unity\BoxerP0\Library\PackageCache\com.unity.modules.physicscore2d)
    com.unity.modules.screencapture@1.0.0 (location: D:\WORK\RESEARCH\POVGame\boxer-wave1\unity\BoxerP0\Library\PackageCache\com.unity.modules.screencapture)
    com.unity.modules.terrain@1.0.0 (location: D:\WORK\RESEARCH\POVGame\boxer-wave1\unity\BoxerP0\Library\PackageCache\com.unity.modules.terrain)
    com.unity.modules.terrainphysics@1.0.0 (location: D:\WORK\RESEARCH\POVGame\boxer-wave1\unity\BoxerP0\Library\PackageCache\com.unity.modules.terrainphysics)
    com.unity.modules.tilemap@1.0.0 (location: D:\WORK\RESEARCH\POVGame\boxer-wave1\unity\BoxerP0\Library\PackageCache\com.unity.modules.tilemap)
    com.unity.modules.ui@1.0.0 (location: D:\WORK\RESEARCH\POVGame\boxer-wave1\unity\BoxerP0\Library\PackageCache\com.unity.modules.ui)
    com.unity.modules.uielements@1.0.0 (location: D:\WORK\RESEARCH\POVGame\boxer-wave1\unity\BoxerP0\Library\PackageCache\com.unity.modules.uielements)
    com.unity.modules.umbra@1.0.0 (location: D:\WORK\RESEARCH\POVGame\boxer-wave1\unity\BoxerP0\Library\PackageCache\com.unity.modules.umbra)
    com.unity.modules.unityanalytics@1.0.0 (location: D:\WORK\RESEARCH\POVGame\boxer-wave1\unity\BoxerP0\Library\PackageCache\com.unity.modules.unityanalytics)
    com.unity.modules.unitywebrequest@1.0.0 (location: D:\WORK\RESEARCH\POVGame\boxer-wave1\unity\BoxerP0\Library\PackageCache\com.unity.modules.unitywebrequest)
    com.unity.modules.unitywebrequestassetbundle@1.0.0 (location: D:\WORK\RESEARCH\POVGame\boxer-wave1\unity\BoxerP0\Library\PackageCache\com.unity.modules.unitywebrequestassetbundle)
    com.unity.modules.unitywebrequestaudio@1.0.0 (location: D:\WORK\RESEARCH\POVGame\boxer-wave1\unity\BoxerP0\Library\PackageCache\com.unity.modules.unitywebrequestaudio)
    com.unity.modules.unitywebrequesttexture@1.0.0 (location: D:\WORK\RESEARCH\POVGame\boxer-wave1\unity\BoxerP0\Library\PackageCache\com.unity.modules.unitywebrequesttexture)
    com.unity.modules.unitywebrequestwww@1.0.0 (location: D:\WORK\RESEARCH\POVGame\boxer-wave1\unity\BoxerP0\Library\PackageCache\com.unity.modules.unitywebrequestwww)
    com.unity.modules.vectorgraphics@1.0.0 (location: D:\WORK\RESEARCH\POVGame\boxer-wave1\unity\BoxerP0\Library\PackageCache\com.unity.modules.vectorgraphics)
    com.unity.modules.vehicles@1.0.0 (location: D:\WORK\RESEARCH\POVGame\boxer-wave1\unity\BoxerP0\Library\PackageCache\com.unity.modules.vehicles)
    com.unity.modules.video@1.0.0 (location: D:\WORK\RESEARCH\POVGame\boxer-wave1\unity\BoxerP0\Library\PackageCache\com.unity.modules.video)
    com.unity.modules.wind@1.0.0 (location: D:\WORK\RESEARCH\POVGame\boxer-wave1\unity\BoxerP0\Library\PackageCache\com.unity.modules.wind)
    com.unity.modules.xr@1.0.0 (location: D:\WORK\RESEARCH\POVGame\boxer-wave1\unity\BoxerP0\Library\PackageCache\com.unity.modules.xr)
    com.unity.modules.subsystems@1.0.0 (location: D:\WORK\RESEARCH\POVGame\boxer-wave1\unity\BoxerP0\Library\PackageCache\com.unity.modules.subsystems)
    com.unity.modules.hierarchycore@1.0.0 (location: D:\WORK\RESEARCH\POVGame\boxer-wave1\unity\BoxerP0\Library\PackageCache\com.unity.modules.hierarchycore)
[Subsystems] No new subsystems found in resolved package list.
[Package Manager] Done registering packages in 0.01 seconds
Starting: C:\Program Files\Unity\Hub\Editor\6000.5.8f1\Editor\Data\Tools\BuildPipeline\bee_backend.exe --ipc --defer-dag-verification --dagfile="Library/Bee/2000b0aE.dag" --continue-on-failure --profile="Library/Bee/backend1.traceevents" ScriptAssemblies
WorkingDir: D:/WORK/RESEARCH/POVGame/boxer-wave1/unity/BoxerP0
DisplayProgressbar: Compiling Scripts
ExitCode: 0 Duration: 0s106ms
*** Tundra build success (0.05 seconds), 0 items updated, 187 evaluated
AssetDatabase: script compilation time: 0.580418s
Total cache size 15393888
Total cache size after purge 15393888, took 00:00:00.0306999
Begin MonoManager ReloadAssembly
Native extension for WindowsStandalone target not found
Native extension for WebGL target not found
ScheduleIndexationOnStartup MainProcess:True IndexOnStartup:True
Mono: successfully reloaded assembly
- Finished resetting the current domain, in  0.432 seconds
Domain Reload Profiling: 762ms
	BeginReloadAssembly (186ms)
		DisableScriptedObjects (18ms)
		CreateAndSetChildDomain (31ms)
	RebuildCommonClasses (8ms)
	RebuildNativeTypeToScriptingClass (15ms)
	initialDomainReloadingComplete (39ms)
	LoadAllAssembliesAndSetupDomain (81ms)
		LoadAssemblies (103ms)
		AnalyzeDomain (10ms)
			TypeCache.Refresh (6ms)
			BuildScriptInfoCaches (3ms)
	FinalizeReload (433ms)
		SetupLoadedEditorAssemblies (0ms)
			BeforeProcessingInitializeOnLoad (64ms)
			ProcessInitializeOnLoadAttributes (66ms)
			ProcessInitializeOnLoadMethodAttributes (70ms)
			AfterProcessingInitializeOnLoad (8ms)
		AwakeInstancesAfterBackupRestoration (33ms)
Starting new worker id: 0 with log in D:/WORK/RESEARCH/POVGame/boxer-wave1/unity/BoxerP0/Logs/AssetImportWorkerHW0.log

Asset Pipeline Refresh (id=99a36a279fab0c146ba3278adea15494): Total: 1.545 seconds - Initiated by InitialRefreshV2(ForceSynchronousImport)
	(Values over 0.05ms)
	Summary:
		Imports: total=0 (actual=0, local cache=0, cache server=0)
		Asset DB Process Time: managed=0 ms, native=567 ms
		Asset DB Callback time: managed=17 ms, native=12 ms
		Scripting: domain reloads=1, domain reload time=356 ms, compile time=582 ms, other=7 ms
		Project Asset Count: scripts=131, non-scripts=123
		Asset File Changes: new=0, changed=0, moved=0, deleted=0
		Scan Filter Count: 0
	InvokePackagesCallback: 13.569ms
	ApplyChangesToAssetFolders: 0.450ms
	Scan: 62.505ms
	Collect global state as custom dependencies: 6.974ms
	CategorizeScriptCompilationAssets: 0.323ms
	ProcessAssetsWithTransientArtifactChanges: 3.029ms
	CategorizeAssets: 1.861ms
	CompileScripts: 582.437ms
	ImportOutOfDateAssets: 454.171ms (435.092ms without children)
		UnloadImportedAssets: 0.105ms
		ImportSchedulerStart: 18.939ms
	PostProcessAllAssets: 17.562ms
		MonoPostProcessAllAssets: 17.511ms
			WindowAssetPostprocessingWatcher.OnPostprocessAllAssets 6.197ms
			SyncVS.PostprocessSyncProject 1.643ms
			SpeedTree9Postprocessor.OnPostprocessAllAssets 0.941ms
			EditModeScopePostprocessor.OnPostprocessAllAssets 0.787ms
			TerrainToolbarOverlayPostProcessor.OnPostprocessAllAssets 0.292ms
			ReferencedClipsPostProcessor.OnPostprocessAllAssets 0.217ms
			RenderPipelineGlobalSettingsPostprocessor.OnPostprocessAllAssets 0.142ms
			AssetDatabaseCallbacks.OnPostprocessAllAssets 0.136ms
	UnloadStreamsBegin: 1.330ms
	GenerateScriptTypeHashes: 0.453ms
	GenerateScriptTypeSerializationHashes: 0.940ms
	Untracked: 398.205ms

Application.AssetDatabase Initial Refresh End
Launched and connected shader compiler UnityShaderCompiler.exe after 0.03 seconds
Scanning for USB devices : 3.305ms
Initializing Unity extensions:
[MODES] ModeService[none].Initialize
[MODES] ModeService[none].LoadModes
[MODES] Loading mode Default (0) for mode-current-id-Boxer P0
Unloading 6 Unused Serialized files (Serialized files now loaded: 0)
Unloading 152 unused Assets / (0.6 MB). Loaded Objects now: 941.
Memory consumption went from 201.8 MB to 201.2 MB.
Total: 4.194100 ms (FindLiveObjects: 0.087000 ms CreateObjectMapping: 0.089000 ms MarkObjects: 3.718800 ms  DeleteObjects: 0.285100 ms)

Unloading 1 Unused Serialized files (Serialized files now loaded: 0)
Unloading 0 unused Assets / (2.2 KB). Loaded Objects now: 943.
Memory consumption went from 195.9 MB to 195.9 MB.
Total: 3.982600 ms (FindLiveObjects: 0.044300 ms CreateObjectMapping: 0.015100 ms MarkObjects: 3.914400 ms  DeleteObjects: 0.006900 ms)

Importing 'GUID: d00c93fd34b0abe49a334af5f111422f - Path: Assets/Scenes/Phase0Boxer.unity' with importer (DefaultImporter)
Imported 'GUID: d00c93fd34b0abe49a334af5f111422f' -> (Import Result ID: '7f3edd1fa05c957a3c4c4558a616f3d0') in 0.005 seconds [static dependencies only]. Details - ImportResultOutputID=c49193a4f5988da42816871b830c47ac DependenciesID=6db840a4d00f537f478258c1741d56f4 StaticDependenciesID=c81f306e08fd7a2a5169391cafb49a48 
Asset Pipeline Refresh (id=1dc63040b8922e54799b6365df0f6edf): Total: 0.049 seconds - Initiated by StopAssetImportingV2(NoUpdateAssetOptions)
P0_SCENE_BUILT=Assets/Scenes/Phase0Boxer.unity
UnityEngine.Debug:ExtractStackTraceNoAlloc (byte*,int,string)
UnityEngine.StackTraceUtility:ExtractStackTrace ()
UnityEngine.DebugLogHandler:Internal_Log (UnityEngine.LogType,UnityEngine.LogOption,string,UnityEngine.Object)
UnityEngine.DebugLogHandler:LogFormat (UnityEngine.LogType,UnityEngine.Object,string,object[])
UnityEngine.Logger:Log (UnityEngine.LogType,object)
UnityEngine.Debug:Log (object)
BoxerP0.Editor.Phase0SceneBuilder:Build () (at Assets/Editor/Phase0SceneBuilder.cs:32)
BoxerP0.Editor.Wave1RuntimeAudit:Run () (at Assets/Editor/Wave1RuntimeAudit.cs:24)

(Filename: Assets/Editor/Phase0SceneBuilder.cs Line: 32)

[Project] Loading completed in 4.347 seconds
	Project init time: 				3.938 seconds
		Template init time: 		0.000 seconds
		Package Manager init time: 		0.467 seconds
		Asset Database init time: 		0.586 seconds
		Global illumination init time: 	0.002 seconds
		Assemblies load time: 			1.002 seconds
		Unity extensions init time: 	0.001 seconds
		Asset Database refresh time: 	1.545 seconds
	Scene opening time: 			0.180 seconds
##utp:{"type":"ProjectInfo","version":2,"phase":"Immediate","time":1791628935262,"processId":25816,"projectLoad":4.3465821,"projectInit":3.93833,"templateInit":0.0,"packageManagerInit":0.4669317,"assetDatabaseInit":0.5858444,"globalIlluminationInit":0.0024913,"assembliesLoad":1.0016583,"unityExtensionsInit":0.0008828,"assetDatabaseRefresh":1.5447999,"sceneOpening":0.1798925}
##utp:{"type":"EditorInfo","version":2,"phase":"Immediate","time":1791628935262,"processId":25816,"editorVersion":"6000.5.8f1 (5cb7df797b7d)","branch":"6000.5/staging","buildType":"Release","platform":"Windows"}
Reloading assemblies for play mode.
Reloading assemblies after forced synchronous recompile.
Begin MonoManager ReloadAssembly
Native extension for WindowsStandalone target not found
Native extension for WebGL target not found
ScheduleIndexationOnStartup MainProcess:True IndexOnStartup:True
Mono: successfully reloaded assembly
- Finished resetting the current domain, in  0.430 seconds
Domain Reload Profiling: 864ms
	BeginReloadAssembly (201ms)
		DisableScriptedObjects (26ms)
		CreateAndSetChildDomain (50ms)
	RebuildCommonClasses (7ms)
	RebuildNativeTypeToScriptingClass (13ms)
	initialDomainReloadingComplete (35ms)
	LoadAllAssembliesAndSetupDomain (177ms)
		LoadAssemblies (96ms)
		AnalyzeDomain (4ms)
			TypeCache.Refresh (3ms)
	FinalizeReload (432ms)
		SetupLoadedEditorAssemblies (0ms)
			BeforeProcessingInitializeOnLoad (68ms)
			ProcessInitializeOnLoadAttributes (68ms)
			ProcessInitializeOnLoadMethodAttributes (68ms)
			AfterProcessingInitializeOnLoad (7ms)
		AwakeInstancesAfterBackupRestoration (29ms)

Asset Pipeline Refresh (id=b6abaac2bf7e1fd4286593f1b5de711a): Total: 0.991 seconds - Initiated by StopAssetImportingV2(ForceSynchronousImport | ForceDomainReload)
	(Values over 0.05ms)
	Summary:
		Imports: total=0 (actual=0, local cache=0, cache server=0)
		Asset DB Process Time: managed=0 ms, native=476 ms
		Asset DB Callback time: managed=50 ms, native=4 ms
		Scripting: domain reloads=1, domain reload time=457 ms, compile time=2 ms, other=0 ms
		Project Asset Count: scripts=131, non-scripts=123
		Asset File Changes: new=0, changed=0, moved=0, deleted=0
		Scan Filter Count: 0
	InvokePackagesCallback: 1.055ms
	ApplyChangesToAssetFolders: 0.146ms
	Collect global state as custom dependencies: 0.715ms
	ProcessAssetsWithTransientArtifactChanges: 3.758ms
	CategorizeAssets: 1.306ms
	CompileScripts: 2.243ms
	ImportOutOfDateAssets: 433.531ms (432.892ms without children)
		UnloadImportedAssets: 0.102ms
		ImportSchedulerStart: 0.505ms
	PostProcessAllAssets: 51.857ms
		PostProcessCallbackCreateDeferredMaterials 0.418ms
		ShaderAssetModifiedCallback 0.222ms
		ComputeShaderImportPostprocess 0.075ms
		RaytracingShaderImportPostprocess 0.068ms
		XRBuildSystem.XRAssetImported 0.061ms
		SpeedTreeImporter.PostprocessAllAssets 0.059ms
		MonoPostProcessAllAssets: 49.749ms
			WindowAssetPostprocessingWatcher.OnPostprocessAllAssets 10.873ms
			StyleCatalogPostProcessor.OnPostprocessAllAssets 8.585ms
			AssetPostprocessor.OnPostprocessAllAssets 6.266ms
			BuilderAssetPostprocessor.OnPostprocessAllAssets 5.993ms
			AssetChangedListener.OnPostprocessAllAssets 1.462ms
			SyncVS.PostprocessSyncProject 1.128ms
			RetainedModeAssetPostprocessor.OnPostprocessAllAssets 0.941ms
			TextAssetPostProcessor.OnPostprocessAllAssets 0.618ms
			SpeedTree9Postprocessor.OnPostprocessAllAssets 0.611ms
			ArtifactBrowserPostProcessor.OnPostprocessAllAssets 0.452ms
			EditModeScopePostprocessor.OnPostprocessAllAssets 0.331ms
			AssetDatabaseCallbacks.OnPostprocessAllAssets 0.257ms
			AudioMixerPostprocessor.OnPostprocessAllAssets 0.235ms
			ReferencedClipsPostProcessor.OnPostprocessAllAssets 0.230ms
			AssetEvents.OnPostprocessAllAssets 0.215ms
			ConfigAssetsTracker.OnPostprocessAllAssets 0.188ms
			ScenarioDriftAssetsTracker.OnPostprocessAllAssets 0.183ms
			TerrainToolbarOverlayPostProcessor.OnPostprocessAllAssets 0.139ms
			SpeedTreePostProcessor.OnPostprocessAllAssets 0.107ms
			RenderPipelineGlobalSettingsPostprocessor.OnPostprocessAllAssets 0.079ms
			AudioContainerPostProcessor.OnPostprocessAllAssets 0.064ms
	PostAssetChangesProfiler: 2.646ms
	GenerateScriptTypeHashes: 0.301ms
	GenerateScriptTypeSerializationHashes: 0.613ms
	Untracked: 492.138ms

Loaded scene 'Temp/__Backupscenes/0.backup'
	Deserialize:            0.439 ms
	Integration:            45.005 ms
	Integration of assets:  0.002 ms
	Thread Wait Time:       0.064 ms
	Total Operation Time:   45.510 ms
[MODES] ModeService[none].Initialize
[MODES] ModeService[none].LoadModes
Start Indexing on Editor startup
ArgumentOutOfRangeException: Index was out of range. Must be non-negative and less than the size of the collection.
Parameter name: index
  at System.Collections.Generic.List`1[T].get_Item (System.Int32 index) [0x00009] in <816f70bc2a9c4332b0bd119906a8d40e>:0 
  at UnityEditor.Search.SearchDatabase+<EnumerateAll>d__76.MoveNext () [0x00089] in <dd17d9b243f3485ab399f5c24f024906>:0 
  at System.Linq.Enumerable.TryGetFirst[TSource] (System.Collections.Generic.IEnumerable`1[T] source, System.Boolean& found) [0x00045] in <fe644d7ad1cf499ebe4e7ad937bc03bf>:0 
  at System.Linq.Enumerable.First[TSource] (System.Collections.Generic.IEnumerable`1[T] source) [0x00000] in <fe644d7ad1cf499ebe4e7ad937bc03bf>:0 
  at UnityEditor.Search.SearchDatabase.GetDefaultSearchDatabase () [0x00005] in <dd17d9b243f3485ab399f5c24f024906>:0 
  at UnityEditor.Search.SearchInit.IndexationOnStartup () [0x0000a] in <dd17d9b243f3485ab399f5c24f024906>:0 
  at UnityEditor.EditorApplication.Internal_CallDelayFunctions () [0x00029] in <da871bb30d6448e2981f366171b14bb9>:0 

Created GICache directory at C:/Users/minht/AppData/LocalLow/Unity/Caches/GiCache. Took: 0.012s, timestamps: [5.578 - 5.590]
[Licensing::Client] Successfully resolved entitlement details
P0_BOUT_COMPLETE PLAYER_WIN
UnityEngine.Debug:ExtractStackTraceNoAlloc (byte*,int,string)
UnityEngine.StackTraceUtility:ExtractStackTrace ()
UnityEngine.DebugLogHandler:Internal_Log (UnityEngine.LogType,UnityEngine.LogOption,string,UnityEngine.Object)
UnityEngine.DebugLogHandler:LogFormat (UnityEngine.LogType,UnityEngine.Object,string,object[])
UnityEngine.Logger:Log (UnityEngine.LogType,object)
UnityEngine.Debug:Log (object)
BoxerP0.BoxerBootstrap:CompleteBout () (at Assets/Scripts/BoxerBootstrap.cs:324)
BoxerP0.BoxerBootstrap:Update () (at Assets/Scripts/BoxerBootstrap.cs:119)

(Filename: Assets/Scripts/BoxerBootstrap.cs Line: 324)

P0_BOUT_COMPLETE DRAW
UnityEngine.Debug:ExtractStackTraceNoAlloc (byte*,int,string)
UnityEngine.StackTraceUtility:ExtractStackTrace ()
UnityEngine.DebugLogHandler:Internal_Log (UnityEngine.LogType,UnityEngine.LogOption,string,UnityEngine.Object)
UnityEngine.DebugLogHandler:LogFormat (UnityEngine.LogType,UnityEngine.Object,string,object[])
UnityEngine.Logger:Log (UnityEngine.LogType,object)
UnityEngine.Debug:Log (object)
BoxerP0.BoxerBootstrap:CompleteBout () (at Assets/Scripts/BoxerBootstrap.cs:324)
BoxerP0.BoxerBootstrap:Update () (at Assets/Scripts/BoxerBootstrap.cs:119)

(Filename: Assets/Scripts/BoxerBootstrap.cs Line: 324)

P0_BOUT_COMPLETE DRAW
UnityEngine.Debug:ExtractStackTraceNoAlloc (byte*,int,string)
UnityEngine.StackTraceUtility:ExtractStackTrace ()
UnityEngine.DebugLogHandler:Internal_Log (UnityEngine.LogType,UnityEngine.LogOption,string,UnityEngine.Object)
UnityEngine.DebugLogHandler:LogFormat (UnityEngine.LogType,UnityEngine.Object,string,object[])
UnityEngine.Logger:Log (UnityEngine.LogType,object)
UnityEngine.Debug:Log (object)
BoxerP0.BoxerBootstrap:CompleteBout () (at Assets/Scripts/BoxerBootstrap.cs:324)
BoxerP0.BoxerBootstrap:Update () (at Assets/Scripts/BoxerBootstrap.cs:119)

(Filename: Assets/Scripts/BoxerBootstrap.cs Line: 324)

P0_BOUT_COMPLETE DRAW
UnityEngine.Debug:ExtractStackTraceNoAlloc (byte*,int,string)
UnityEngine.StackTraceUtility:ExtractStackTrace ()
UnityEngine.DebugLogHandler:Internal_Log (UnityEngine.LogType,UnityEngine.LogOption,string,UnityEngine.Object)
UnityEngine.DebugLogHandler:LogFormat (UnityEngine.LogType,UnityEngine.Object,string,object[])
UnityEngine.Logger:Log (UnityEngine.LogType,object)
UnityEngine.Debug:Log (object)
BoxerP0.BoxerBootstrap:CompleteBout () (at Assets/Scripts/BoxerBootstrap.cs:324)
BoxerP0.BoxerBootstrap:Update () (at Assets/Scripts/BoxerBootstrap.cs:119)

(Filename: Assets/Scripts/BoxerBootstrap.cs Line: 324)

P0_BOUT_COMPLETE DRAW
UnityEngine.Debug:ExtractStackTraceNoAlloc (byte*,int,string)
UnityEngine.StackTraceUtility:ExtractStackTrace ()
UnityEngine.DebugLogHandler:Internal_Log (UnityEngine.LogType,UnityEngine.LogOption,string,UnityEngine.Object)
UnityEngine.DebugLogHandler:LogFormat (UnityEngine.LogType,UnityEngine.Object,string,object[])
UnityEngine.Logger:Log (UnityEngine.LogType,object)
UnityEngine.Debug:Log (object)
BoxerP0.BoxerBootstrap:CompleteBout () (at Assets/Scripts/BoxerBootstrap.cs:324)
BoxerP0.BoxerBootstrap:Update () (at Assets/Scripts/BoxerBootstrap.cs:119)

(Filename: Assets/Scripts/BoxerBootstrap.cs Line: 324)

P0_BOUT_COMPLETE DRAW
UnityEngine.Debug:ExtractStackTraceNoAlloc (byte*,int,string)
UnityEngine.StackTraceUtility:ExtractStackTrace ()
UnityEngine.DebugLogHandler:Internal_Log (UnityEngine.LogType,UnityEngine.LogOption,string,UnityEngine.Object)
UnityEngine.DebugLogHandler:LogFormat (UnityEngine.LogType,UnityEngine.Object,string,object[])
UnityEngine.Logger:Log (UnityEngine.LogType,object)
UnityEngine.Debug:Log (object)
BoxerP0.BoxerBootstrap:CompleteBout () (at Assets/Scripts/BoxerBootstrap.cs:324)
BoxerP0.BoxerBootstrap:Update () (at Assets/Scripts/BoxerBootstrap.cs:119)

(Filename: Assets/Scripts/BoxerBootstrap.cs Line: 324)

P0_BOUT_COMPLETE DRAW
UnityEngine.Debug:ExtractStackTraceNoAlloc (byte*,int,string)
UnityEngine.StackTraceUtility:ExtractStackTrace ()
UnityEngine.DebugLogHandler:Internal_Log (UnityEngine.LogType,UnityEngine.LogOption,string,UnityEngine.Object)
UnityEngine.DebugLogHandler:LogFormat (UnityEngine.LogType,UnityEngine.Object,string,object[])
UnityEngine.Logger:Log (UnityEngine.LogType,object)
UnityEngine.Debug:Log (object)
BoxerP0.BoxerBootstrap:CompleteBout () (at Assets/Scripts/BoxerBootstrap.cs:324)
BoxerP0.BoxerBootstrap:Update () (at Assets/Scripts/BoxerBootstrap.cs:119)

(Filename: Assets/Scripts/BoxerBootstrap.cs Line: 324)

P0_BOUT_COMPLETE DRAW
UnityEngine.Debug:ExtractStackTraceNoAlloc (byte*,int,string)
UnityEngine.StackTraceUtility:ExtractStackTrace ()
UnityEngine.DebugLogHandler:Internal_Log (UnityEngine.LogType,UnityEngine.LogOption,string,UnityEngine.Object)
UnityEngine.DebugLogHandler:LogFormat (UnityEngine.LogType,UnityEngine.Object,string,object[])
UnityEngine.Logger:Log (UnityEngine.LogType,object)
UnityEngine.Debug:Log (object)
BoxerP0.BoxerBootstrap:CompleteBout () (at Assets/Scripts/BoxerBootstrap.cs:324)
BoxerP0.BoxerBootstrap:Update () (at Assets/Scripts/BoxerBootstrap.cs:119)

(Filename: Assets/Scripts/BoxerBootstrap.cs Line: 324)

P0_BOUT_COMPLETE DRAW
UnityEngine.Debug:ExtractStackTraceNoAlloc (byte*,int,string)
UnityEngine.StackTraceUtility:ExtractStackTrace ()
UnityEngine.DebugLogHandler:Internal_Log (UnityEngine.LogType,UnityEngine.LogOption,string,UnityEngine.Object)
UnityEngine.DebugLogHandler:LogFormat (UnityEngine.LogType,UnityEngine.Object,string,object[])
UnityEngine.Logger:Log (UnityEngine.LogType,object)
UnityEngine.Debug:Log (object)
BoxerP0.BoxerBootstrap:CompleteBout () (at Assets/Scripts/BoxerBootstrap.cs:324)
BoxerP0.BoxerBootstrap:Update () (at Assets/Scripts/BoxerBootstrap.cs:119)

(Filename: Assets/Scripts/BoxerBootstrap.cs Line: 324)

P0_BOUT_COMPLETE DRAW
UnityEngine.Debug:ExtractStackTraceNoAlloc (byte*,int,string)
UnityEngine.StackTraceUtility:ExtractStackTrace ()
UnityEngine.DebugLogHandler:Internal_Log (UnityEngine.LogType,UnityEngine.LogOption,string,UnityEngine.Object)
UnityEngine.DebugLogHandler:LogFormat (UnityEngine.LogType,UnityEngine.Object,string,object[])
UnityEngine.Logger:Log (UnityEngine.LogType,object)
UnityEngine.Debug:Log (object)
BoxerP0.BoxerBootstrap:CompleteBout () (at Assets/Scripts/BoxerBootstrap.cs:324)
BoxerP0.BoxerBootstrap:Update () (at Assets/Scripts/BoxerBootstrap.cs:119)

(Filename: Assets/Scripts/BoxerBootstrap.cs Line: 324)

SCOPE=SYNTHETIC_EDITOR_CONTROLLER_AND_INJECTED_CONSEQUENCE_TEST_NOT_PHYSICS_OR_HUMAN_UAT
PASS home input and combat locked
PASS menu request rejected without cost
PASS Left glove imported
PASS Left glove valid skinned bind
PASS Left no imported combat collider
Left glove triangles=16717
PASS Right glove imported
PASS Right glove valid skinned bind
PASS Right no imported combat collider
Right glove triangles=16717
PASS accepted Ramirez still owns opponent presentation
PASS removed Home practice bypass rejected
PASS standalone training has no AI or scored bout
PASS unperformed practice cannot advance by timer or button
PASS training exit returns Coach without starting fight
PASS preview consumes menu input
PASS cancelled intro cannot start hidden combat
PASS ring intro locks input, AI, score
PASS intro rejects punch and freezes vitals/clock
PASS stale media completion rejected
PASS matching media completion starts fresh bout
PASS duplicate media completion does not reset bout
PASS real player accepted action spends once
PASS real busy rejection costs zero
PASS controller resolution applies exact committed damage
PASS controller resolution cannot double count
PASS guard-only stale callback cannot change score or HP
PASS real player fatigue slows recovery
PASS real player fatigue reduces impact
PASS real opponent fatigue slows recovery
PASS HUD stamina reads combat state exactly
PASS ring intro locks input, AI, score
PASS intro rejects punch and freezes vitals/clock
PASS stale media completion rejected
PASS matching media completion starts fresh bout
PASS duplicate media completion does not reset bout
PASS next bout resets vitals/counters/AI count
Left thumb_relative_world_x=-0,2013344
Right thumb_relative_world_x=0,2094811
native_ramirez_max_glove_error_m=3,591767E-07
PASS injected controller hits reach HP-zero KO
PASS both controllers immediately locked at KO
PASS post-KO input cannot spend
PASS result transition and input lock 0
PASS completed result snapshot equals authoritative counters and HP 0
PASS ring intro locks input, AI, score
PASS intro rejects punch and freezes vitals/clock
PASS stale media completion rejected
PASS matching media completion starts fresh bout
PASS duplicate media completion does not reset bout
PASS running rematch does not replace last completed record 1
PASS rematch full reset 1
PASS no duplicate actors 1
PASS result transition and input lock 1
PASS completed result snapshot equals authoritative counters and HP 1
PASS ring intro locks input, AI, score
PASS intro rejects punch and freezes vitals/clock
PASS stale media completion rejected
PASS matching media completion starts fresh bout
PASS duplicate media completion does not reset bout
PASS running rematch does not replace last completed record 2
PASS rematch full reset 2
PASS no duplicate actors 2
PASS result transition and input lock 2
PASS completed result snapshot equals authoritative counters and HP 2
PASS ring intro locks input, AI, score
PASS intro rejects punch and freezes vitals/clock
PASS stale media completion rejected
PASS matching media completion starts fresh bout
PASS duplicate media completion does not reset bout
PASS running rematch does not replace last completed record 3
PASS rematch full reset 3
PASS no duplicate actors 3
PASS result transition and input lock 3
PASS completed result snapshot equals authoritative counters and HP 3
PASS ring intro locks input, AI, score
PASS intro rejects punch and freezes vitals/clock
PASS stale media completion rejected
PASS matching media completion starts fresh bout
PASS duplicate media completion does not reset bout
PASS running rematch does not replace last completed record 4
PASS rematch full reset 4
PASS no duplicate actors 4
PASS result transition and input lock 4
PASS completed result snapshot equals authoritative counters and HP 4
PASS ring intro locks input, AI, score
PASS intro rejects punch and freezes vitals/clock
PASS stale media completion rejected
PASS matching media completion starts fresh bout
PASS duplicate media completion does not reset bout
PASS running rematch does not replace last completed record 5
PASS rematch full reset 5
PASS no duplicate actors 5
PASS result transition and input lock 5
PASS completed result snapshot equals authoritative counters and HP 5
PASS ring intro locks input, AI, score
PASS intro rejects punch and freezes vitals/clock
PASS stale media completion rejected
PASS matching media completion starts fresh bout
PASS duplicate media completion does not reset bout
PASS running rematch does not replace last completed record 6
PASS rematch full reset 6
PASS no duplicate actors 6
PASS result transition and input lock 6
PASS completed result snapshot equals authoritative counters and HP 6
PASS ring intro locks input, AI, score
PASS intro rejects punch and freezes vitals/clock
PASS stale media completion rejected
PASS matching media completion starts fresh bout
PASS duplicate media completion does not reset bout
PASS running rematch does not replace last completed record 7
PASS rematch full reset 7
PASS no duplicate actors 7
PASS result transition and input lock 7
PASS completed result snapshot equals authoritative counters and HP 7
PASS ring intro locks input, AI, score
PASS intro rejects punch and freezes vitals/clock
PASS stale media completion rejected
PASS matching media completion starts fresh bout
PASS duplicate media completion does not reset bout
PASS running rematch does not replace last completed record 8
PASS rematch full reset 8
PASS no duplicate actors 8
PASS result transition and input lock 8
PASS completed result snapshot equals authoritative counters and HP 8
PASS ring intro locks input, AI, score
PASS intro rejects punch and freezes vitals/clock
PASS stale media completion rejected
PASS matching media completion starts fresh bout
PASS duplicate media completion does not reset bout
PASS running rematch does not replace last completed record 9
PASS rematch full reset 9
PASS no duplicate actors 9
PASS result transition and input lock 9
PASS completed result snapshot equals authoritative counters and HP 9
PASS ring intro locks input, AI, score
PASS intro rejects punch and freezes vitals/clock
PASS stale media completion rejected
PASS matching media completion starts fresh bout
PASS duplicate media completion does not reset bout
PASS running rematch does not replace last completed record 10
PASS rematch full reset 10
PASS no duplicate actors 10
PASS return home freezes model
CHECKS=139 EXIT=0
UnityEngine.Debug:ExtractStackTraceNoAlloc (byte*,int,string)
UnityEngine.StackTraceUtility:ExtractStackTrace ()
UnityEngine.DebugLogHandler:Internal_Log (UnityEngine.LogType,UnityEngine.LogOption,string,UnityEngine.Object)
UnityEngine.DebugLogHandler:LogFormat (UnityEngine.LogType,UnityEngine.Object,string,object[])
UnityEngine.Logger:Log (UnityEngine.LogType,object)
UnityEngine.Debug:Log (object)
BoxerP0.Editor.Wave1RuntimeAudit:Finish (int) (at Assets/Editor/Wave1RuntimeAudit.cs:161)
BoxerP0.Editor.Wave1RuntimeAudit:Tick () (at Assets/Editor/Wave1RuntimeAudit.cs:146)
UnityEditor.EditorApplication:Internal_CallUpdateFunctions ()

(Filename: Assets/Editor/Wave1RuntimeAudit.cs Line: 161)

MonoPathRemapper: Attempts to remap: 1592; Successful remaps: 0
Curl error 7: Failed to connect to config.uca.cloud.unity3d.com port 443 after 2055 ms: Could not connect to server
Worker ready: AssetImportWorkerHW0 0
Serialized file version minimum: 23, current 23
[Physics::Module] Cleanup current backend.
[Physics::Module] Id: 0xf2b8ea05
Input System module state changed to: ShutdownInProgress.
Input Polling Thread exited.
Input System module state changed to: Shutdown.
[Licensing::IpcConnector] LicenseClient-minht-notifications channel disconnected successfully.
[Licensing::IpcConnector] LicenseClient-minht channel disconnected successfully.
Lingering sessions upon destruction of worker manager
AcceleratorClientConnectionCallback - disconnected - :0
Cleanup mono
CodeReloadManager destroyed
Checking for leaked weakptr:
  Found no leaked weakptrs.
[Package Manager] Server process was shutdown
##utp:{"type":"MemoryLeaks","version":2,"phase":"Immediate","time":1791628941510,"processId":25816,"allocatedMemory":11555434,"memoryLabels":[{"Default":181522},{"Permanent":15516},{"NewDelete":66155},{"Thread":4197640},{"Manager":31109},{"VertexData":968},{"Geometry":816},{"Texture":24},{"Shader":841652},{"Material":24},{"GfxDevice":55976},{"Animation":952},{"FreeType":8},{"FontEngine":736},{"Physics":2146},{"Physics2D":16},{"Serialization":1016},{"Input":42840},{"JobScheduler":256},{"TextLib":280},{"Mono":48},{"ScriptingNativeRuntime":674964},{"BaseObject":1623424},{"Resource":1208},{"Renderer":3080},{"Transform":4685},{"File":1032},{"WebCam":616},{"Culling":32},{"Terrain":11442},{"Wind":24},{"STL":40},{"String":22840},{"StaticString":3808},{"Utility":2672694},{"Curl":2559},{"PoolAlloc":2168},{"AI":80},{"TypeTree":8869},{"CodeReload":448},{"RuntimeInitializeOnLoadManager":64},{"Sprites":102},{"SpriteAtlas":120},{"GI":7816},{"Director":8296},{"CloudService":9512},{"WebRequest":629},{"VR":47114},{"SceneManager":608},{"Video":208},{"LazyScriptCache":32},{"Camera":17},{"Secure":2377},{"SerializationCache":1576},{"APIUpdating":10320},{"Subsystems":336},{"VirtualTexturing":57888},{"StaticSafetyDebugInfo":278528},{"Analytics":552},{"Hierarchy":1176},{"UIElements":72},{"CoreStats":13688},{"Identifiers":6768},{"Gui":128},{"EditorUtility":101340},{"VersionControl":8},{"Undo":931},{"AssetDatabase":475373},{"AssetImporter":40},{"EditorGi":328},{"UnityConnect":38929},{"Upm":1912},{"UpmDiagnostics":8},{"AssetCompliance":64},{"DrivenProperties":72},{"LocalIPC":211},{"ProfilerEditor":9746},{"CoreBusinessMetrics":3480},{"Windowing":456},{"Licensing":1232},{"AssetReference":32},{"IPCStream":32}]}
