[Licensing::Module] Trying to connect to existing licensing client channel...
Built from '6000.5/staging' branch; Version is '6000.5.8f1 (5cb7df797b7d) revision 6076383'; Using compiler version '194234433'; Build Type 'Release'
[Licensing::IpcConnector] Successfully connected to: "LicenseClient-minht" at "2026-09-17T05:53:50.0340482Z"
OS: 'Windows 11  (10.0.26200) CoreSingleLanguage' Language: 'en' Physical Memory: 32345 MB
BatchMode: 1, IsHumanControllingUs: 0, StartBugReporterOnCrash: 0, Is64bit: 1
System  architecture: x64
Process architecture: x64
Date: 2026-09-17T05:53:50Z

COMMAND LINE ARGUMENTS:
C:\Program Files\Unity\Hub\Editor\6000.5.8f1\Editor\Unity.exe
-batchmode
-nographics
-quit
-projectPath
D:\WORK\RESEARCH\POVGame\boxer\unity\BoxerP0
-executeMethod
BoxerP0.Editor.Blender3DAssetAudit.Run
-logFile
D:\WORK\RESEARCH\POVGame\blender3d-asset-audit-20260917.log
Successfully changed project path to: D:\WORK\RESEARCH\POVGame\boxer\unity\BoxerP0
D:/WORK/RESEARCH/POVGame/boxer/unity/BoxerP0
[UnityMemory] Configuration Parameters - Can be set up in boot.config
    "memorysetup-temp-allocator-size-gi-baking-worker=262144"
    "memorysetup-temp-allocator-size-gi-baking-worker=262144"
    "memorysetup-temp-allocator-size-gi-baking-worker=262144"
    "memorysetup-temp-allocator-size-gi-baking-worker=262144"
    "memorysetup-temp-allocator-size-gi-baking-worker=262144"
    "memorysetup-temp-allocator-size-nav-mesh-worker=65536"
    "memorysetup-temp-allocator-size-audio-worker=65536"
    "memorysetup-temp-allocator-size-cloud-worker=32768"
    "memorysetup-temp-allocator-size-gfx=262144"
    "memorysetup-temp-allocator-size-preload-manager=33554432"
    "memorysetup-allocator-temp-initial-block-size-main=262144"
    "memorysetup-allocator-temp-initial-block-size-worker=262144"
    "memorysetup-temp-allocator-size-job-worker=262144"
    "memorysetup-temp-allocator-size-background-worker=32768"
    "memorysetup-bucket-allocator-granularity=16"
    "memorysetup-bucket-allocator-bucket-count=8"
    "memorysetup-bucket-allocator-block-size=33554432"
    "memorysetup-bucket-allocator-block-count=8"
    "memorysetup-main-allocator-block-size=16777216"
    "memorysetup-thread-allocator-block-size=16777216"
    "memorysetup-main-allocator-mimalloc-enabled=0"
    "memorysetup-gfx-main-allocator-block-size=16777216"
    "memorysetup-gfx-thread-allocator-block-size=16777216"
    "memorysetup-cache-allocator-block-size=4194304"
    "memorysetup-typetree-allocator-block-size=2097152"
    "memorysetup-profiler-bucket-allocator-granularity=16"
    "memorysetup-profiler-bucket-allocator-bucket-count=8"
    "memorysetup-profiler-bucket-allocator-block-size=33554432"
    "memorysetup-profiler-bucket-allocator-block-count=8"
    "memorysetup-profiler-allocator-block-size=16777216"
    "memorysetup-profiler-editor-allocator-block-size=1048576"
    "memorysetup-temp-allocator-size-main=16777216"
    "memorysetup-job-temp-allocator-block-size=2097152"
    "memorysetup-job-temp-allocator-block-size-background=1048576"
    "memorysetup-job-temp-allocator-reduction-small-platforms=262144"
Logging is directed to a specific file, skipping project log.Player connection [30060]  Target information:

Player connection [30060]  * "[IP] 172.25.96.1 [Port] 55504 [Flags] 2 [Guid] 3222294889 [EditorId] 3222294889 [Version] 1048832 [Id] WindowsEditor(7,DESKTOP-4PSD0G2) [Debug] 1 [PackageName] WindowsEditor [ProjectName] Editor" 

Player connection [30060]  * "[IP] 192.168.3.100 [Port] 55504 [Flags] 2 [Guid] 3222294889 [EditorId] 3222294889 [Version] 1048832 [Id] WindowsEditor(7,DESKTOP-4PSD0G2) [Debug] 1 [PackageName] WindowsEditor [ProjectName] Editor" 

Player connection [30060] Host joined multi-casting on [225.0.0.222:54997]...
Player connection [30060] Host joined alternative multi-casting on [225.0.0.222:34997]...
Input System module state changed to: Initialized.
[Physics::Module] Initialized fallback backend.
[Physics::Module] Id: 0xdecafbad
[Package Manager] Connected to IPC stream "Upm-25052" after 0.3 seconds.
[Licensing::Module] Licensing is not yet initialized.
[Licensing::Client] Error: HandshakeResponse reported an error:
	ResponseCode: 505
	ResponseStatus: Unsupported protocol version '1.18.1'.
[Licensing::Module] Error: Failed to handshake to channel: "LicenseClient-minht"
[Licensing::IpcConnector] LicenseClient-minht channel disconnected successfully.
[Licensing::IpcConnector] Channel LicenseClient-minht-6000.5.8 doesn't exist
[Licensing::Module] Successfully launched the LicensingClient (PId: 26888)
[Licensing::IpcConnector] Successfully connected to: "LicenseClient-minht-6000.5.8" at "2026-09-17T05:53:52.591351Z"
[Licensing::Client] Code 10 while verifying Licensing Client signature (process Id: 26888, path: "C:/Program Files/Unity/Hub/Editor/6000.5.8f1/Editor/Data/Resources/Licensing/Client/Unity.Licensing.Client.exe")
[Licensing::Module] LicensingClient has failed validation; ignoring
[Licensing::Client] Handshaking with LicensingClient:
  Version:                 1.18.1+9fbee8e
  Session Id:              b1ab3ac86b0b4f9bbc99775cb5742270
  Correlation Id:          c96d1f547db2e95121a657639c0a4c60
  External correlation Id: 9003702922050729127
  Machine Id:              gaoNjVOiA5/w7c0j7NjRnkSH0Fg=
[Licensing::Module] Successfully connected to LicensingClient on channel: "LicenseClient-minht-6000.5.8" (connect: 0.39s, validation: 0.26s, handshake: 0.01s)
[Licensing::IpcConnector] Successfully connected to: "LicenseClient-minht-6000.5.8-notifications" at "2026-09-17T05:53:52.8633902Z"
[Licensing::Module] Connected to LicensingClient (PId: 26888, launch time: 0.00, total connection time: 0.67s)
[Licensing::Module] Error: Access token is unavailable; failed to update
[Licensing::Client] Successfully resolved entitlement details
[Licensing::Module] License group:
  Id: F4-84B2-AJYW-2F6S-HS3K-XXXX
  Product: Unity Personal
  Type: ULF
  Expiration: 2026-10-26T06:52:16Z
[Licensing::Module] License group:
  Id: 18968483178885-UnityPersXXXX
  Product: Unity Personal
  Type: Assigned
  Expiration: Unlimited
[Licensing::Client] Successfully updated license, isAsync: True, time: 0.01
[Licensing::Client] Successfully resolved entitlement details
[Licensing::Module] License group:
  Id: F4-84B2-AJYW-2F6S-HS3K-XXXX
  Product: Unity Personal
  Type: ULF
  Expiration: 2026-10-26T06:52:16Z
[Licensing::Module] License group:
  Id: 18968483178885-UnityPersXXXX
  Product: Unity Personal
  Type: Assigned
  Expiration: Unlimited
[Licensing::Module] Licensing Background thread has ended after 2.89s
[Licensing::Module] Licensing is initialized (took 1.97s).
[Licensing::Client] Successfully resolved entitlement details
[Licensing::Module] License group:
  Id: F4-84B2-AJYW-2F6S-HS3K-XXXX
  Product: Unity Personal
  Type: ULF
  Expiration: 2026-10-26T06:52:16Z
[Licensing::Module] License group:
  Id: 18968483178885-UnityPersXXXX
  Product: Unity Personal
  Type: Assigned
  Expiration: Unlimited
Library Redirect Path: Library/
[Physics::Module] Selected backend.
[Physics::Module] Name: PhysX
[Physics::Module] Id: 0xf2b8ea05
[Physics::Module] SDK Version: 4.1.2
[Physics::Module] Integration Version: 1.0.0
[Physics::Module] Threading Mode: Multi-Threaded
Artifact Garbage Collection - Removed 1 unused hashed content files
Initialize engine version: 6000.5.8f1 (5cb7df797b7d)
[Subsystems] Discovering subsystems at path C:/Program Files/Unity/Hub/Editor/6000.5.8f1/Editor/Data/Resources/UnitySubsystems
[Subsystems] Discovering subsystems at path D:/WORK/RESEARCH/POVGame/boxer/unity/BoxerP0/Assets
Forcing GfxDevice: Null
GfxDevice: creating device client; kGfxThreadingModeNonThreaded
NullGfxDevice:
    Version:  NULL 1.0 [1.0]
    Renderer: Null Device
    Vendor:   Unity Technologies
Initialize mono
Mono path[0] = 'C:/Program Files/Unity/Hub/Editor/6000.5.8f1/Editor/Data/Managed'
Mono path[1] = 'C:/Program Files/Unity/Hub/Editor/6000.5.8f1/Editor/Data/BCLExtensions/runtime/netstandard2.1'
Mono path[2] = 'C:/Program Files/Unity/Hub/Editor/6000.5.8f1/Editor/Data/MonoBleedingEdge/lib/mono/unityjit-win32'
Mono config path = 'C:/Program Files/Unity/Hub/Editor/6000.5.8f1/Editor/Data/MonoBleedingEdge/etc'
Using monoOptions --debugger-agent=transport=dt_socket,embedding=1,server=y,suspend=n,address=127.0.0.1:56052
CodeReloadManager initialized
ImportWorker Server TCP listen port: 0
AcceleratorClientConnectionCallback - disconnected - :0
Begin MonoManager ReloadAssembly
Registering precompiled unity dll's ...
Register platform support module: C:/Program Files/Unity/Hub/Editor/6000.5.8f1/Editor/Data/PlaybackEngines/WebGLSupport/UnityEditor.WebGL.Extensions.dll
Register platform support module: C:/Program Files/Unity/Hub/Editor/6000.5.8f1/Editor/Data/PlaybackEngines/WindowsStandaloneSupport/UnityEditor.WindowsStandalone.Extensions.dll
Registered in 0.001868 seconds.
Native extension for WindowsStandalone target not found
Native extension for WebGL target not found
Package Manager log level set to [2]
ScheduleIndexationOnStartup MainProcess:False IndexOnStartup:True
Mono: successfully reloaded assembly
- Finished resetting the current domain, in  0.464 seconds
Domain Reload Profiling: 931ms
	BeginReloadAssembly (128ms)
		CreateAndSetChildDomain (5ms)
	RebuildCommonClasses (4ms)
	RebuildNativeTypeToScriptingClass (14ms)
	initialDomainReloadingComplete (59ms)
	LoadAllAssembliesAndSetupDomain (261ms)
		LoadAssemblies (121ms)
		AnalyzeDomain (185ms)
			TypeCache.Refresh (184ms)
				TypeCache.ScanAssembly (170ms)
	FinalizeReload (465ms)
		SetupLoadedEditorAssemblies (0ms)
			BeforeProcessingInitializeOnLoad (89ms)
			ProcessInitializeOnLoadAttributes (87ms)
			ProcessInitializeOnLoadMethodAttributes (228ms)
[Licensing::Client] Successfully resolved entitlement details
[Licensing::Module] License group:
  Id: F4-84B2-AJYW-2F6S-HS3K-XXXX
  Product: Unity Personal
  Type: ULF
  Expiration: 2026-10-26T06:52:16Z
[Licensing::Module] License group:
  Id: 18968483178885-UnityPersXXXX
  Product: Unity Personal
  Type: Assigned
  Expiration: Unlimited
Application.AssetDatabase Initial Refresh Start
[Package Manager] Restoring resolved packages state from cache
[Licensing::Client] Successfully resolved entitlement details
[Package Manager] Registered 37 packages:
  Built-in packages:
    com.unity.multiplayer.center@1.0.1 (location: D:\WORK\RESEARCH\POVGame\boxer\unity\BoxerP0\Library\PackageCache\com.unity.multiplayer.center@b860850997d0)
    com.unity.modules.accessibility@1.0.0 (location: D:\WORK\RESEARCH\POVGame\boxer\unity\BoxerP0\Library\PackageCache\com.unity.modules.accessibility)
    com.unity.modules.adaptiveperformance@1.0.0 (location: D:\WORK\RESEARCH\POVGame\boxer\unity\BoxerP0\Library\PackageCache\com.unity.modules.adaptiveperformance)
    com.unity.modules.ai@1.0.0 (location: D:\WORK\RESEARCH\POVGame\boxer\unity\BoxerP0\Library\PackageCache\com.unity.modules.ai)
    com.unity.modules.androidjni@1.0.0 (location: D:\WORK\RESEARCH\POVGame\boxer\unity\BoxerP0\Library\PackageCache\com.unity.modules.androidjni)
    com.unity.modules.animation@1.0.0 (location: D:\WORK\RESEARCH\POVGame\boxer\unity\BoxerP0\Library\PackageCache\com.unity.modules.animation)
    com.unity.modules.assetbundle@1.0.0 (location: D:\WORK\RESEARCH\POVGame\boxer\unity\BoxerP0\Library\PackageCache\com.unity.modules.assetbundle)
    com.unity.modules.audio@1.0.0 (location: D:\WORK\RESEARCH\POVGame\boxer\unity\BoxerP0\Library\PackageCache\com.unity.modules.audio)
    com.unity.modules.cloth@1.0.0 (location: D:\WORK\RESEARCH\POVGame\boxer\unity\BoxerP0\Library\PackageCache\com.unity.modules.cloth)
    com.unity.modules.director@1.0.0 (location: D:\WORK\RESEARCH\POVGame\boxer\unity\BoxerP0\Library\PackageCache\com.unity.modules.director)
    com.unity.modules.imageconversion@1.0.0 (location: D:\WORK\RESEARCH\POVGame\boxer\unity\BoxerP0\Library\PackageCache\com.unity.modules.imageconversion)
    com.unity.modules.imgui@1.0.0 (location: D:\WORK\RESEARCH\POVGame\boxer\unity\BoxerP0\Library\PackageCache\com.unity.modules.imgui)
    com.unity.modules.jsonserialize@1.0.0 (location: D:\WORK\RESEARCH\POVGame\boxer\unity\BoxerP0\Library\PackageCache\com.unity.modules.jsonserialize)
    com.unity.modules.particlesystem@1.0.0 (location: D:\WORK\RESEARCH\POVGame\boxer\unity\BoxerP0\Library\PackageCache\com.unity.modules.particlesystem)
    com.unity.modules.physics@1.0.0 (location: D:\WORK\RESEARCH\POVGame\boxer\unity\BoxerP0\Library\PackageCache\com.unity.modules.physics)
    com.unity.modules.physics2d@1.0.0 (location: D:\WORK\RESEARCH\POVGame\boxer\unity\BoxerP0\Library\PackageCache\com.unity.modules.physics2d)
    com.unity.modules.physicscore2d@1.0.0 (location: D:\WORK\RESEARCH\POVGame\boxer\unity\BoxerP0\Library\PackageCache\com.unity.modules.physicscore2d)
    com.unity.modules.screencapture@1.0.0 (location: D:\WORK\RESEARCH\POVGame\boxer\unity\BoxerP0\Library\PackageCache\com.unity.modules.screencapture)
    com.unity.modules.terrain@1.0.0 (location: D:\WORK\RESEARCH\POVGame\boxer\unity\BoxerP0\Library\PackageCache\com.unity.modules.terrain)
    com.unity.modules.terrainphysics@1.0.0 (location: D:\WORK\RESEARCH\POVGame\boxer\unity\BoxerP0\Library\PackageCache\com.unity.modules.terrainphysics)
    com.unity.modules.tilemap@1.0.0 (location: D:\WORK\RESEARCH\POVGame\boxer\unity\BoxerP0\Library\PackageCache\com.unity.modules.tilemap)
    com.unity.modules.ui@1.0.0 (location: D:\WORK\RESEARCH\POVGame\boxer\unity\BoxerP0\Library\PackageCache\com.unity.modules.ui)
    com.unity.modules.uielements@1.0.0 (location: D:\WORK\RESEARCH\POVGame\boxer\unity\BoxerP0\Library\PackageCache\com.unity.modules.uielements)
    com.unity.modules.umbra@1.0.0 (location: D:\WORK\RESEARCH\POVGame\boxer\unity\BoxerP0\Library\PackageCache\com.unity.modules.umbra)
    com.unity.modules.unityanalytics@1.0.0 (location: D:\WORK\RESEARCH\POVGame\boxer\unity\BoxerP0\Library\PackageCache\com.unity.modules.unityanalytics)
    com.unity.modules.unitywebrequest@1.0.0 (location: D:\WORK\RESEARCH\POVGame\boxer\unity\BoxerP0\Library\PackageCache\com.unity.modules.unitywebrequest)
    com.unity.modules.unitywebrequestassetbundle@1.0.0 (location: D:\WORK\RESEARCH\POVGame\boxer\unity\BoxerP0\Library\PackageCache\com.unity.modules.unitywebrequestassetbundle)
    com.unity.modules.unitywebrequestaudio@1.0.0 (location: D:\WORK\RESEARCH\POVGame\boxer\unity\BoxerP0\Library\PackageCache\com.unity.modules.unitywebrequestaudio)
    com.unity.modules.unitywebrequesttexture@1.0.0 (location: D:\WORK\RESEARCH\POVGame\boxer\unity\BoxerP0\Library\PackageCache\com.unity.modules.unitywebrequesttexture)
    com.unity.modules.unitywebrequestwww@1.0.0 (location: D:\WORK\RESEARCH\POVGame\boxer\unity\BoxerP0\Library\PackageCache\com.unity.modules.unitywebrequestwww)
    com.unity.modules.vectorgraphics@1.0.0 (location: D:\WORK\RESEARCH\POVGame\boxer\unity\BoxerP0\Library\PackageCache\com.unity.modules.vectorgraphics)
    com.unity.modules.vehicles@1.0.0 (location: D:\WORK\RESEARCH\POVGame\boxer\unity\BoxerP0\Library\PackageCache\com.unity.modules.vehicles)
    com.unity.modules.video@1.0.0 (location: D:\WORK\RESEARCH\POVGame\boxer\unity\BoxerP0\Library\PackageCache\com.unity.modules.video)
    com.unity.modules.wind@1.0.0 (location: D:\WORK\RESEARCH\POVGame\boxer\unity\BoxerP0\Library\PackageCache\com.unity.modules.wind)
    com.unity.modules.xr@1.0.0 (location: D:\WORK\RESEARCH\POVGame\boxer\unity\BoxerP0\Library\PackageCache\com.unity.modules.xr)
    com.unity.modules.subsystems@1.0.0 (location: D:\WORK\RESEARCH\POVGame\boxer\unity\BoxerP0\Library\PackageCache\com.unity.modules.subsystems)
    com.unity.modules.hierarchycore@1.0.0 (location: D:\WORK\RESEARCH\POVGame\boxer\unity\BoxerP0\Library\PackageCache\com.unity.modules.hierarchycore)
[Subsystems] No new subsystems found in resolved package list.
[Package Manager] Done registering packages in 0.02 seconds
Starting: C:\Program Files\Unity\Hub\Editor\6000.5.8f1\Editor\Data\Tools\BuildPipeline\bee_backend.exe --ipc --defer-dag-verification --dagfile="Library/Bee/2000b0aE.dag" --continue-on-failure --profile="Library/Bee/backend1.traceevents" ScriptAssemblies
WorkingDir: D:/WORK/RESEARCH/POVGame/boxer/unity/BoxerP0
DisplayProgressbar: Compiling Scripts
ExitCode: 0 Duration: 0s81ms
*** Tundra build success (0.04 seconds), 0 items updated, 187 evaluated
Total cache size 15393888
Total cache size after purge 15393888, took 00:00:00.0284606
AssetDatabase: script compilation time: 0.515915s
Begin MonoManager ReloadAssembly
Native extension for WindowsStandalone target not found
Native extension for WebGL target not found
ScheduleIndexationOnStartup MainProcess:True IndexOnStartup:True
Mono: successfully reloaded assembly
- Finished resetting the current domain, in  0.437 seconds
Domain Reload Profiling: 780ms
	BeginReloadAssembly (200ms)
		DisableScriptedObjects (20ms)
		CreateAndSetChildDomain (41ms)
	RebuildCommonClasses (8ms)
	RebuildNativeTypeToScriptingClass (15ms)
	initialDomainReloadingComplete (37ms)
	LoadAllAssembliesAndSetupDomain (82ms)
		LoadAssemblies (103ms)
		AnalyzeDomain (12ms)
			TypeCache.Refresh (7ms)
			BuildScriptInfoCaches (3ms)
	FinalizeReload (438ms)
		SetupLoadedEditorAssemblies (0ms)
			BeforeProcessingInitializeOnLoad (78ms)
			ProcessInitializeOnLoadAttributes (64ms)
			ProcessInitializeOnLoadMethodAttributes (73ms)
			AfterProcessingInitializeOnLoad (7ms)
		AwakeInstancesAfterBackupRestoration (35ms)
Starting new worker id: 0 with log in D:/WORK/RESEARCH/POVGame/boxer/unity/BoxerP0/Logs/AssetImportWorkerHW0.log

Asset Pipeline Refresh (id=d6d269683fbc3a74e8dae7ca0833ba76): Total: 1.626 seconds - Initiated by InitialRefreshV2(ForceSynchronousImport)
	(Values over 0.05ms)
	Summary:
		Imports: total=0 (actual=0, local cache=0, cache server=0)
		Asset DB Process Time: managed=0 ms, native=695 ms
		Asset DB Callback time: managed=17 ms, native=18 ms
		Scripting: domain reloads=1, domain reload time=370 ms, compile time=518 ms, other=6 ms
		Project Asset Count: scripts=127, non-scripts=110
		Asset File Changes: new=0, changed=0, moved=0, deleted=0
		Scan Filter Count: 0
	InvokePackagesCallback: 19.657ms
	ApplyChangesToAssetFolders: 0.472ms
	Scan: 84.227ms
	Collect global state as custom dependencies: 6.321ms
	CategorizeScriptCompilationAssets: 0.275ms
	ProcessAssetsWithTransientArtifactChanges: 2.798ms
	CategorizeAssets: 1.443ms
	CompileScripts: 518.057ms
	ImportOutOfDateAssets: 555.634ms (439.859ms without children)
		UnloadImportedAssets: 0.115ms
		ImportSchedulerStart: 115.624ms
	PostProcessAllAssets: 17.466ms
		MonoPostProcessAllAssets: 17.415ms
			WindowAssetPostprocessingWatcher.OnPostprocessAllAssets 8.175ms
			SyncVS.PostprocessSyncProject 1.054ms
			EditModeScopePostprocessor.OnPostprocessAllAssets 0.687ms
			SpeedTree9Postprocessor.OnPostprocessAllAssets 0.685ms
			ReferencedClipsPostProcessor.OnPostprocessAllAssets 0.197ms
			TerrainToolbarOverlayPostProcessor.OnPostprocessAllAssets 0.158ms
			AssetDatabaseCallbacks.OnPostprocessAllAssets 0.137ms
			RenderPipelineGlobalSettingsPostprocessor.OnPostprocessAllAssets 0.064ms
	UnloadStreamsBegin: 1.279ms
	GenerateScriptTypeHashes: 0.328ms
	GenerateScriptTypeSerializationHashes: 0.780ms
	Untracked: 416.232ms

Application.AssetDatabase Initial Refresh End
Scanning for USB devices : 6.736ms
Initializing Unity extensions:
[MODES] ModeService[none].Initialize
[MODES] ModeService[none].LoadModes
[MODES] Loading mode Default (0) for mode-current-id-Boxer P0
Unloading 4 Unused Serialized files (Serialized files now loaded: 0)
Unloading 129 unused Assets / (0.6 MB). Loaded Objects now: 921.
Memory consumption went from 199.7 MB to 199.1 MB.
Total: 3.552400 ms (FindLiveObjects: 0.055700 ms CreateObjectMapping: 0.021700 ms MarkObjects: 3.239200 ms  DeleteObjects: 0.232400 ms)

RAMIREZ_TRANSFORMS=67 MESH_FILTERS=0 SKINNED=43 TRIANGLES=20676
UnityEngine.Debug:ExtractStackTraceNoAlloc (byte*,int,string)
UnityEngine.StackTraceUtility:ExtractStackTrace ()
UnityEngine.DebugLogHandler:Internal_Log (UnityEngine.LogType,UnityEngine.LogOption,string,UnityEngine.Object)
UnityEngine.DebugLogHandler:LogFormat (UnityEngine.LogType,UnityEngine.Object,string,object[])
UnityEngine.Logger:Log (UnityEngine.LogType,object)
UnityEngine.Debug:Log (object)
BoxerP0.Editor.Blender3DAssetAudit:Audit (string,UnityEngine.GameObject) (at Assets/Editor/Blender3DAssetAudit.cs:29)
BoxerP0.Editor.Blender3DAssetAudit:Run () (at Assets/Editor/Blender3DAssetAudit.cs:17)

(Filename: Assets/Editor/Blender3DAssetAudit.cs Line: 29)

RAMIREZ_NODE=Ramirez_UAT3 local=(0, 0, 0) rot=(0, 0, 0) scale=(1, 1, 1)
UnityEngine.Debug:ExtractStackTraceNoAlloc (byte*,int,string)
UnityEngine.StackTraceUtility:ExtractStackTrace ()
UnityEngine.DebugLogHandler:Internal_Log (UnityEngine.LogType,UnityEngine.LogOption,string,UnityEngine.Object)
UnityEngine.DebugLogHandler:LogFormat (UnityEngine.LogType,UnityEngine.Object,string,object[])
UnityEngine.Logger:Log (UnityEngine.LogType,object)
UnityEngine.Debug:Log (object)
BoxerP0.Editor.Blender3DAssetAudit:Audit (string,UnityEngine.GameObject) (at Assets/Editor/Blender3DAssetAudit.cs:31)
BoxerP0.Editor.Blender3DAssetAudit:Run () (at Assets/Editor/Blender3DAssetAudit.cs:17)

(Filename: Assets/Editor/Blender3DAssetAudit.cs Line: 31)

RAMIREZ_NODE=Ramirez_UAT3/Abdomen local=(0, 0, 0) rot=(270.019775, 0, 0) scale=(100, 100, 100)
UnityEngine.Debug:ExtractStackTraceNoAlloc (byte*,int,string)
UnityEngine.StackTraceUtility:ExtractStackTrace ()
UnityEngine.DebugLogHandler:Internal_Log (UnityEngine.LogType,UnityEngine.LogOption,string,UnityEngine.Object)
UnityEngine.DebugLogHandler:LogFormat (UnityEngine.LogType,UnityEngine.Object,string,object[])
UnityEngine.Logger:Log (UnityEngine.LogType,object)
UnityEngine.Debug:Log (object)
BoxerP0.Editor.Blender3DAssetAudit:Audit (string,UnityEngine.GameObject) (at Assets/Editor/Blender3DAssetAudit.cs:31)
BoxerP0.Editor.Blender3DAssetAudit:Run () (at Assets/Editor/Blender3DAssetAudit.cs:17)

(Filename: Assets/Editor/Blender3DAssetAudit.cs Line: 31)

RAMIREZ_NODE=Ramirez_UAT3/Boot.L local=(0, 0, 0) rot=(270.019775, 0, 0) scale=(100, 100, 100)
UnityEngine.Debug:ExtractStackTraceNoAlloc (byte*,int,string)
UnityEngine.StackTraceUtility:ExtractStackTrace ()
UnityEngine.DebugLogHandler:Internal_Log (UnityEngine.LogType,UnityEngine.LogOption,string,UnityEngine.Object)
UnityEngine.DebugLogHandler:LogFormat (UnityEngine.LogType,UnityEngine.Object,string,object[])
UnityEngine.Logger:Log (UnityEngine.LogType,object)
UnityEngine.Debug:Log (object)
BoxerP0.Editor.Blender3DAssetAudit:Audit (string,UnityEngine.GameObject) (at Assets/Editor/Blender3DAssetAudit.cs:31)
BoxerP0.Editor.Blender3DAssetAudit:Run () (at Assets/Editor/Blender3DAssetAudit.cs:17)

(Filename: Assets/Editor/Blender3DAssetAudit.cs Line: 31)

RAMIREZ_NODE=Ramirez_UAT3/Boot.R local=(0, 0, 0) rot=(270.019775, 0, 0) scale=(100, 100, 100)
UnityEngine.Debug:ExtractStackTraceNoAlloc (byte*,int,string)
UnityEngine.StackTraceUtility:ExtractStackTrace ()
UnityEngine.DebugLogHandler:Internal_Log (UnityEngine.LogType,UnityEngine.LogOption,string,UnityEngine.Object)
UnityEngine.DebugLogHandler:LogFormat (UnityEngine.LogType,UnityEngine.Object,string,object[])
UnityEngine.Logger:Log (UnityEngine.LogType,object)
UnityEngine.Debug:Log (object)
BoxerP0.Editor.Blender3DAssetAudit:Audit (string,UnityEngine.GameObject) (at Assets/Editor/Blender3DAssetAudit.cs:31)
BoxerP0.Editor.Blender3DAssetAudit:Run () (at Assets/Editor/Blender3DAssetAudit.cs:17)

(Filename: Assets/Editor/Blender3DAssetAudit.cs Line: 31)

RAMIREZ_NODE=Ramirez_UAT3/BootSole.L local=(0, 0, 0) rot=(270.019775, 0, 0) scale=(100, 100, 100)
UnityEngine.Debug:ExtractStackTraceNoAlloc (byte*,int,string)
UnityEngine.StackTraceUtility:ExtractStackTrace ()
UnityEngine.DebugLogHandler:Internal_Log (UnityEngine.LogType,UnityEngine.LogOption,string,UnityEngine.Object)
UnityEngine.DebugLogHandler:LogFormat (UnityEngine.LogType,UnityEngine.Object,string,object[])
UnityEngine.Logger:Log (UnityEngine.LogType,object)
UnityEngine.Debug:Log (object)
BoxerP0.Editor.Blender3DAssetAudit:Audit (string,UnityEngine.GameObject) (at Assets/Editor/Blender3DAssetAudit.cs:31)
BoxerP0.Editor.Blender3DAssetAudit:Run () (at Assets/Editor/Blender3DAssetAudit.cs:17)

(Filename: Assets/Editor/Blender3DAssetAudit.cs Line: 31)

RAMIREZ_NODE=Ramirez_UAT3/BootSole.R local=(0, 0, 0) rot=(270.019775, 0, 0) scale=(100, 100, 100)
UnityEngine.Debug:ExtractStackTraceNoAlloc (byte*,int,string)
UnityEngine.StackTraceUtility:ExtractStackTrace ()
UnityEngine.DebugLogHandler:Internal_Log (UnityEngine.LogType,UnityEngine.LogOption,string,UnityEngine.Object)
UnityEngine.DebugLogHandler:LogFormat (UnityEngine.LogType,UnityEngine.Object,string,object[])
UnityEngine.Logger:Log (UnityEngine.LogType,object)
UnityEngine.Debug:Log (object)
BoxerP0.Editor.Blender3DAssetAudit:Audit (string,UnityEngine.GameObject) (at Assets/Editor/Blender3DAssetAudit.cs:31)
BoxerP0.Editor.Blender3DAssetAudit:Run () (at Assets/Editor/Blender3DAssetAudit.cs:17)

(Filename: Assets/Editor/Blender3DAssetAudit.cs Line: 31)

RAMIREZ_NODE=Ramirez_UAT3/BootTongue.L local=(0, 0, 0) rot=(270.019775, 0, 0) scale=(100, 100, 100)
UnityEngine.Debug:ExtractStackTraceNoAlloc (byte*,int,string)
UnityEngine.StackTraceUtility:ExtractStackTrace ()
UnityEngine.DebugLogHandler:Internal_Log (UnityEngine.LogType,UnityEngine.LogOption,string,UnityEngine.Object)
UnityEngine.DebugLogHandler:LogFormat (UnityEngine.LogType,UnityEngine.Object,string,object[])
UnityEngine.Logger:Log (UnityEngine.LogType,object)
UnityEngine.Debug:Log (object)
BoxerP0.Editor.Blender3DAssetAudit:Audit (string,UnityEngine.GameObject) (at Assets/Editor/Blender3DAssetAudit.cs:31)
BoxerP0.Editor.Blender3DAssetAudit:Run () (at Assets/Editor/Blender3DAssetAudit.cs:17)

(Filename: Assets/Editor/Blender3DAssetAudit.cs Line: 31)

RAMIREZ_NODE=Ramirez_UAT3/BootTongue.R local=(0, 0, 0) rot=(270.019775, 0, 0) scale=(100, 100, 100)
UnityEngine.Debug:ExtractStackTraceNoAlloc (byte*,int,string)
UnityEngine.StackTraceUtility:ExtractStackTrace ()
UnityEngine.DebugLogHandler:Internal_Log (UnityEngine.LogType,UnityEngine.LogOption,string,UnityEngine.Object)
UnityEngine.DebugLogHandler:LogFormat (UnityEngine.LogType,UnityEngine.Object,string,object[])
UnityEngine.Logger:Log (UnityEngine.LogType,object)
UnityEngine.Debug:Log (object)
BoxerP0.Editor.Blender3DAssetAudit:Audit (string,UnityEngine.GameObject) (at Assets/Editor/Blender3DAssetAudit.cs:31)
BoxerP0.Editor.Blender3DAssetAudit:Run () (at Assets/Editor/Blender3DAssetAudit.cs:17)

(Filename: Assets/Editor/Blender3DAssetAudit.cs Line: 31)

RAMIREZ_NODE=Ramirez_UAT3/BootUpper.L local=(0, 0, 0) rot=(270.019775, 0, 0) scale=(100, 100, 100)
UnityEngine.Debug:ExtractStackTraceNoAlloc (byte*,int,string)
UnityEngine.StackTraceUtility:ExtractStackTrace ()
UnityEngine.DebugLogHandler:Internal_Log (UnityEngine.LogType,UnityEngine.LogOption,string,UnityEngine.Object)
UnityEngine.DebugLogHandler:LogFormat (UnityEngine.LogType,UnityEngine.Object,string,object[])
UnityEngine.Logger:Log (UnityEngine.LogType,object)
UnityEngine.Debug:Log (object)
BoxerP0.Editor.Blender3DAssetAudit:Audit (string,UnityEngine.GameObject) (at Assets/Editor/Blender3DAssetAudit.cs:31)
BoxerP0.Editor.Blender3DAssetAudit:Run () (at Assets/Editor/Blender3DAssetAudit.cs:17)

(Filename: Assets/Editor/Blender3DAssetAudit.cs Line: 31)

RAMIREZ_NODE=Ramirez_UAT3/BootUpper.R local=(0, 0, 0) rot=(270.019775, 0, 0) scale=(100, 100, 100)
UnityEngine.Debug:ExtractStackTraceNoAlloc (byte*,int,string)
UnityEngine.StackTraceUtility:ExtractStackTrace ()
UnityEngine.DebugLogHandler:Internal_Log (UnityEngine.LogType,UnityEngine.LogOption,string,UnityEngine.Object)
UnityEngine.DebugLogHandler:LogFormat (UnityEngine.LogType,UnityEngine.Object,string,object[])
UnityEngine.Logger:Log (UnityEngine.LogType,object)
UnityEngine.Debug:Log (object)
BoxerP0.Editor.Blender3DAssetAudit:Audit (string,UnityEngine.GameObject) (at Assets/Editor/Blender3DAssetAudit.cs:31)
BoxerP0.Editor.Blender3DAssetAudit:Run () (at Assets/Editor/Blender3DAssetAudit.cs:17)

(Filename: Assets/Editor/Blender3DAssetAudit.cs Line: 31)

RAMIREZ_NODE=Ramirez_UAT3/Cuff.L local=(0, 0, 0) rot=(270.019775, 0, 0) scale=(100, 100, 100)
UnityEngine.Debug:ExtractStackTraceNoAlloc (byte*,int,string)
UnityEngine.StackTraceUtility:ExtractStackTrace ()
UnityEngine.DebugLogHandler:Internal_Log (UnityEngine.LogType,UnityEngine.LogOption,string,UnityEngine.Object)
UnityEngine.DebugLogHandler:LogFormat (UnityEngine.LogType,UnityEngine.Object,string,object[])
UnityEngine.Logger:Log (UnityEngine.LogType,object)
UnityEngine.Debug:Log (object)
BoxerP0.Editor.Blender3DAssetAudit:Audit (string,UnityEngine.GameObject) (at Assets/Editor/Blender3DAssetAudit.cs:31)
BoxerP0.Editor.Blender3DAssetAudit:Run () (at Assets/Editor/Blender3DAssetAudit.cs:17)

(Filename: Assets/Editor/Blender3DAssetAudit.cs Line: 31)

RAMIREZ_NODE=Ramirez_UAT3/Cuff.R local=(0, 0, 0) rot=(270.019775, 0, 0) scale=(100, 100, 100)
UnityEngine.Debug:ExtractStackTraceNoAlloc (byte*,int,string)
UnityEngine.StackTraceUtility:ExtractStackTrace ()
UnityEngine.DebugLogHandler:Internal_Log (UnityEngine.LogType,UnityEngine.LogOption,string,UnityEngine.Object)
UnityEngine.DebugLogHandler:LogFormat (UnityEngine.LogType,UnityEngine.Object,string,object[])
UnityEngine.Logger:Log (UnityEngine.LogType,object)
UnityEngine.Debug:Log (object)
BoxerP0.Editor.Blender3DAssetAudit:Audit (string,UnityEngine.GameObject) (at Assets/Editor/Blender3DAssetAudit.cs:31)
BoxerP0.Editor.Blender3DAssetAudit:Run () (at Assets/Editor/Blender3DAssetAudit.cs:17)

(Filename: Assets/Editor/Blender3DAssetAudit.cs Line: 31)

RAMIREZ_NODE=Ramirez_UAT3/Deltoid.L local=(0, 0, 0) rot=(270.019775, 0, 0) scale=(100, 100, 100)
UnityEngine.Debug:ExtractStackTraceNoAlloc (byte*,int,string)
UnityEngine.StackTraceUtility:ExtractStackTrace ()
UnityEngine.DebugLogHandler:Internal_Log (UnityEngine.LogType,UnityEngine.LogOption,string,UnityEngine.Object)
UnityEngine.DebugLogHandler:LogFormat (UnityEngine.LogType,UnityEngine.Object,string,object[])
UnityEngine.Logger:Log (UnityEngine.LogType,object)
UnityEngine.Debug:Log (object)
BoxerP0.Editor.Blender3DAssetAudit:Audit (string,UnityEngine.GameObject) (at Assets/Editor/Blender3DAssetAudit.cs:31)
BoxerP0.Editor.Blender3DAssetAudit:Run () (at Assets/Editor/Blender3DAssetAudit.cs:17)

(Filename: Assets/Editor/Blender3DAssetAudit.cs Line: 31)

RAMIREZ_NODE=Ramirez_UAT3/Deltoid.R local=(0, 0, 0) rot=(270.019775, 0, 0) scale=(100, 100, 100)
UnityEngine.Debug:ExtractStackTraceNoAlloc (byte*,int,string)
UnityEngine.StackTraceUtility:ExtractStackTrace ()
UnityEngine.DebugLogHandler:Internal_Log (UnityEngine.LogType,UnityEngine.LogOption,string,UnityEngine.Object)
UnityEngine.DebugLogHandler:LogFormat (UnityEngine.LogType,UnityEngine.Object,string,object[])
UnityEngine.Logger:Log (UnityEngine.LogType,object)
UnityEngine.Debug:Log (object)
BoxerP0.Editor.Blender3DAssetAudit:Audit (string,UnityEngine.GameObject) (at Assets/Editor/Blender3DAssetAudit.cs:31)
BoxerP0.Editor.Blender3DAssetAudit:Run () (at Assets/Editor/Blender3DAssetAudit.cs:17)

(Filename: Assets/Editor/Blender3DAssetAudit.cs Line: 31)

RAMIREZ_NODE=Ramirez_UAT3/Ear-0.118 local=(0, 0, 0) rot=(270.019775, 0, 0) scale=(100, 100, 100)
UnityEngine.Debug:ExtractStackTraceNoAlloc (byte*,int,string)
UnityEngine.StackTraceUtility:ExtractStackTrace ()
UnityEngine.DebugLogHandler:Internal_Log (UnityEngine.LogType,UnityEngine.LogOption,string,UnityEngine.Object)
UnityEngine.DebugLogHandler:LogFormat (UnityEngine.LogType,UnityEngine.Object,string,object[])
UnityEngine.Logger:Log (UnityEngine.LogType,object)
UnityEngine.Debug:Log (object)
BoxerP0.Editor.Blender3DAssetAudit:Audit (string,UnityEngine.GameObject) (at Assets/Editor/Blender3DAssetAudit.cs:31)
BoxerP0.Editor.Blender3DAssetAudit:Run () (at Assets/Editor/Blender3DAssetAudit.cs:17)

(Filename: Assets/Editor/Blender3DAssetAudit.cs Line: 31)

RAMIREZ_NODE=Ramirez_UAT3/Ear0.118 local=(0, 0, 0) rot=(270.019775, 0, 0) scale=(100, 100, 100)
UnityEngine.Debug:ExtractStackTraceNoAlloc (byte*,int,string)
UnityEngine.StackTraceUtility:ExtractStackTrace ()
UnityEngine.DebugLogHandler:Internal_Log (UnityEngine.LogType,UnityEngine.LogOption,string,UnityEngine.Object)
UnityEngine.DebugLogHandler:LogFormat (UnityEngine.LogType,UnityEngine.Object,string,object[])
UnityEngine.Logger:Log (UnityEngine.LogType,object)
UnityEngine.Debug:Log (object)
BoxerP0.Editor.Blender3DAssetAudit:Audit (string,UnityEngine.GameObject) (at Assets/Editor/Blender3DAssetAudit.cs:31)
BoxerP0.Editor.Blender3DAssetAudit:Run () (at Assets/Editor/Blender3DAssetAudit.cs:17)

(Filename: Assets/Editor/Blender3DAssetAudit.cs Line: 31)

RAMIREZ_NODE=Ramirez_UAT3/ForearmBody.L local=(0, 0, 0) rot=(270.019775, 0, 0) scale=(100, 100, 100)
UnityEngine.Debug:ExtractStackTraceNoAlloc (byte*,int,string)
UnityEngine.StackTraceUtility:ExtractStackTrace ()
UnityEngine.DebugLogHandler:Internal_Log (UnityEngine.LogType,UnityEngine.LogOption,string,UnityEngine.Object)
UnityEngine.DebugLogHandler:LogFormat (UnityEngine.LogType,UnityEngine.Object,string,object[])
UnityEngine.Logger:Log (UnityEngine.LogType,object)
UnityEngine.Debug:Log (object)
BoxerP0.Editor.Blender3DAssetAudit:Audit (string,UnityEngine.GameObject) (at Assets/Editor/Blender3DAssetAudit.cs:31)
BoxerP0.Editor.Blender3DAssetAudit:Run () (at Assets/Editor/Blender3DAssetAudit.cs:17)

(Filename: Assets/Editor/Blender3DAssetAudit.cs Line: 31)

RAMIREZ_NODE=Ramirez_UAT3/ForearmBody.R local=(0, 0, 0) rot=(270.019775, 0, 0) scale=(100, 100, 100)
UnityEngine.Debug:ExtractStackTraceNoAlloc (byte*,int,string)
UnityEngine.StackTraceUtility:ExtractStackTrace ()
UnityEngine.DebugLogHandler:Internal_Log (UnityEngine.LogType,UnityEngine.LogOption,string,UnityEngine.Object)
UnityEngine.DebugLogHandler:LogFormat (UnityEngine.LogType,UnityEngine.Object,string,object[])
UnityEngine.Logger:Log (UnityEngine.LogType,object)
UnityEngine.Debug:Log (object)
BoxerP0.Editor.Blender3DAssetAudit:Audit (string,UnityEngine.GameObject) (at Assets/Editor/Blender3DAssetAudit.cs:31)
BoxerP0.Editor.Blender3DAssetAudit:Run () (at Assets/Editor/Blender3DAssetAudit.cs:17)

(Filename: Assets/Editor/Blender3DAssetAudit.cs Line: 31)

RAMIREZ_NODE=Ramirez_UAT3/GloveBadge.L local=(0, 0, 0) rot=(270.019775, 0, 0) scale=(100, 100, 100)
UnityEngine.Debug:ExtractStackTraceNoAlloc (byte*,int,string)
UnityEngine.StackTraceUtility:ExtractStackTrace ()
UnityEngine.DebugLogHandler:Internal_Log (UnityEngine.LogType,UnityEngine.LogOption,string,UnityEngine.Object)
UnityEngine.DebugLogHandler:LogFormat (UnityEngine.LogType,UnityEngine.Object,string,object[])
UnityEngine.Logger:Log (UnityEngine.LogType,object)
UnityEngine.Debug:Log (object)
BoxerP0.Editor.Blender3DAssetAudit:Audit (string,UnityEngine.GameObject) (at Assets/Editor/Blender3DAssetAudit.cs:31)
BoxerP0.Editor.Blender3DAssetAudit:Run () (at Assets/Editor/Blender3DAssetAudit.cs:17)

(Filename: Assets/Editor/Blender3DAssetAudit.cs Line: 31)

RAMIREZ_NODE=Ramirez_UAT3/GloveBadge.R local=(0, 0, 0) rot=(270.019775, 0, 0) scale=(100, 100, 100)
UnityEngine.Debug:ExtractStackTraceNoAlloc (byte*,int,string)
UnityEngine.StackTraceUtility:ExtractStackTrace ()
UnityEngine.DebugLogHandler:Internal_Log (UnityEngine.LogType,UnityEngine.LogOption,string,UnityEngine.Object)
UnityEngine.DebugLogHandler:LogFormat (UnityEngine.LogType,UnityEngine.Object,string,object[])
UnityEngine.Logger:Log (UnityEngine.LogType,object)
UnityEngine.Debug:Log (object)
BoxerP0.Editor.Blender3DAssetAudit:Audit (string,UnityEngine.GameObject) (at Assets/Editor/Blender3DAssetAudit.cs:31)
BoxerP0.Editor.Blender3DAssetAudit:Run () (at Assets/Editor/Blender3DAssetAudit.cs:17)

(Filename: Assets/Editor/Blender3DAssetAudit.cs Line: 31)

RAMIREZ_NODE=Ramirez_UAT3/GloveKnuckle.L local=(0, 0, 0) rot=(270.019775, 0, 0) scale=(100, 100, 100)
UnityEngine.Debug:ExtractStackTraceNoAlloc (byte*,int,string)
UnityEngine.StackTraceUtility:ExtractStackTrace ()
UnityEngine.DebugLogHandler:Internal_Log (UnityEngine.LogType,UnityEngine.LogOption,string,UnityEngine.Object)
UnityEngine.DebugLogHandler:LogFormat (UnityEngine.LogType,UnityEngine.Object,string,object[])
UnityEngine.Logger:Log (UnityEngine.LogType,object)
UnityEngine.Debug:Log (object)
BoxerP0.Editor.Blender3DAssetAudit:Audit (string,UnityEngine.GameObject) (at Assets/Editor/Blender3DAssetAudit.cs:31)
BoxerP0.Editor.Blender3DAssetAudit:Run () (at Assets/Editor/Blender3DAssetAudit.cs:17)

(Filename: Assets/Editor/Blender3DAssetAudit.cs Line: 31)

RAMIREZ_NODE=Ramirez_UAT3/GloveKnuckle.R local=(0, 0, 0) rot=(270.019775, 0, 0) scale=(100, 100, 100)
UnityEngine.Debug:ExtractStackTraceNoAlloc (byte*,int,string)
UnityEngine.StackTraceUtility:ExtractStackTrace ()
UnityEngine.DebugLogHandler:Internal_Log (UnityEngine.LogType,UnityEngine.LogOption,string,UnityEngine.Object)
UnityEngine.DebugLogHandler:LogFormat (UnityEngine.LogType,UnityEngine.Object,string,object[])
UnityEngine.Logger:Log (UnityEngine.LogType,object)
UnityEngine.Debug:Log (object)
BoxerP0.Editor.Blender3DAssetAudit:Audit (string,UnityEngine.GameObject) (at Assets/Editor/Blender3DAssetAudit.cs:31)
BoxerP0.Editor.Blender3DAssetAudit:Run () (at Assets/Editor/Blender3DAssetAudit.cs:17)

(Filename: Assets/Editor/Blender3DAssetAudit.cs Line: 31)

RAMIREZ_NODE=Ramirez_UAT3/GlovePalm.L local=(0, 0, 0) rot=(270.019775, 0, 0) scale=(100, 100, 100)
UnityEngine.Debug:ExtractStackTraceNoAlloc (byte*,int,string)
UnityEngine.StackTraceUtility:ExtractStackTrace ()
UnityEngine.DebugLogHandler:Internal_Log (UnityEngine.LogType,UnityEngine.LogOption,string,UnityEngine.Object)
UnityEngine.DebugLogHandler:LogFormat (UnityEngine.LogType,UnityEngine.Object,string,object[])
UnityEngine.Logger:Log (UnityEngine.LogType,object)
UnityEngine.Debug:Log (object)
BoxerP0.Editor.Blender3DAssetAudit:Audit (string,UnityEngine.GameObject) (at Assets/Editor/Blender3DAssetAudit.cs:31)
BoxerP0.Editor.Blender3DAssetAudit:Run () (at Assets/Editor/Blender3DAssetAudit.cs:17)

(Filename: Assets/Editor/Blender3DAssetAudit.cs Line: 31)

RAMIREZ_NODE=Ramirez_UAT3/GlovePalm.R local=(0, 0, 0) rot=(270.019775, 0, 0) scale=(100, 100, 100)
UnityEngine.Debug:ExtractStackTraceNoAlloc (byte*,int,string)
UnityEngine.StackTraceUtility:ExtractStackTrace ()
UnityEngine.DebugLogHandler:Internal_Log (UnityEngine.LogType,UnityEngine.LogOption,string,UnityEngine.Object)
UnityEngine.DebugLogHandler:LogFormat (UnityEngine.LogType,UnityEngine.Object,string,object[])
UnityEngine.Logger:Log (UnityEngine.LogType,object)
UnityEngine.Debug:Log (object)
BoxerP0.Editor.Blender3DAssetAudit:Audit (string,UnityEngine.GameObject) (at Assets/Editor/Blender3DAssetAudit.cs:31)
BoxerP0.Editor.Blender3DAssetAudit:Run () (at Assets/Editor/Blender3DAssetAudit.cs:17)

(Filename: Assets/Editor/Blender3DAssetAudit.cs Line: 31)

RAMIREZ_NODE=Ramirez_UAT3/Head local=(0, 0, 0) rot=(270, 90, 0) scale=(100, 100, 100)
UnityEngine.Debug:ExtractStackTraceNoAlloc (byte*,int,string)
UnityEngine.StackTraceUtility:ExtractStackTrace ()
UnityEngine.DebugLogHandler:Internal_Log (UnityEngine.LogType,UnityEngine.LogOption,string,UnityEngine.Object)
UnityEngine.DebugLogHandler:LogFormat (UnityEngine.LogType,UnityEngine.Object,string,object[])
UnityEngine.Logger:Log (UnityEngine.LogType,object)
UnityEngine.Debug:Log (object)
BoxerP0.Editor.Blender3DAssetAudit:Audit (string,UnityEngine.GameObject) (at Assets/Editor/Blender3DAssetAudit.cs:31)
BoxerP0.Editor.Blender3DAssetAudit:Run () (at Assets/Editor/Blender3DAssetAudit.cs:17)

(Filename: Assets/Editor/Blender3DAssetAudit.cs Line: 31)

RAMIREZ_NODE=Ramirez_UAT3/NeckBody local=(0, 0, 0) rot=(270.019775, 0, 0) scale=(100, 100, 100)
UnityEngine.Debug:ExtractStackTraceNoAlloc (byte*,int,string)
UnityEngine.StackTraceUtility:ExtractStackTrace ()
UnityEngine.DebugLogHandler:Internal_Log (UnityEngine.LogType,UnityEngine.LogOption,string,UnityEngine.Object)
UnityEngine.DebugLogHandler:LogFormat (UnityEngine.LogType,UnityEngine.Object,string,object[])
UnityEngine.Logger:Log (UnityEngine.LogType,object)
UnityEngine.Debug:Log (object)
BoxerP0.Editor.Blender3DAssetAudit:Audit (string,UnityEngine.GameObject) (at Assets/Editor/Blender3DAssetAudit.cs:31)
BoxerP0.Editor.Blender3DAssetAudit:Run () (at Assets/Editor/Blender3DAssetAudit.cs:17)

(Filename: Assets/Editor/Blender3DAssetAudit.cs Line: 31)

RAMIREZ_NODE=Ramirez_UAT3/RamirezRig local=(0, 0, 0) rot=(270.019775, 0, 0) scale=(100, 100, 100)
UnityEngine.Debug:ExtractStackTraceNoAlloc (byte*,int,string)
UnityEngine.StackTraceUtility:ExtractStackTrace ()
UnityEngine.DebugLogHandler:Internal_Log (UnityEngine.LogType,UnityEngine.LogOption,string,UnityEngine.Object)
UnityEngine.DebugLogHandler:LogFormat (UnityEngine.LogType,UnityEngine.Object,string,object[])
UnityEngine.Logger:Log (UnityEngine.LogType,object)
UnityEngine.Debug:Log (object)
BoxerP0.Editor.Blender3DAssetAudit:Audit (string,UnityEngine.GameObject) (at Assets/Editor/Blender3DAssetAudit.cs:31)
BoxerP0.Editor.Blender3DAssetAudit:Run () (at Assets/Editor/Blender3DAssetAudit.cs:17)

(Filename: Assets/Editor/Blender3DAssetAudit.cs Line: 31)

RAMIREZ_NODE=Ramirez_UAT3/RamirezRig/root local=(0, 0, 0) rot=(89.98022, 0, 0) scale=(1, 1, 1)
UnityEngine.Debug:ExtractStackTraceNoAlloc (byte*,int,string)
UnityEngine.StackTraceUtility:ExtractStackTrace ()
UnityEngine.DebugLogHandler:Internal_Log (UnityEngine.LogType,UnityEngine.LogOption,string,UnityEngine.Object)
UnityEngine.DebugLogHandler:LogFormat (UnityEngine.LogType,UnityEngine.Object,string,object[])
UnityEngine.Logger:Log (UnityEngine.LogType,object)
UnityEngine.Debug:Log (object)
BoxerP0.Editor.Blender3DAssetAudit:Audit (string,UnityEngine.GameObject) (at Assets/Editor/Blender3DAssetAudit.cs:31)
BoxerP0.Editor.Blender3DAssetAudit:Run () (at Assets/Editor/Blender3DAssetAudit.cs:17)

(Filename: Assets/Editor/Blender3DAssetAudit.cs Line: 31)

RAMIREZ_NODE=Ramirez_UAT3/RamirezRig/root/pelvis local=(0, 0.0086, 0) rot=(0, 0, 0) scale=(1, 1, 1)
UnityEngine.Debug:ExtractStackTraceNoAlloc (byte*,int,string)
UnityEngine.StackTraceUtility:ExtractStackTrace ()
UnityEngine.DebugLogHandler:Internal_Log (UnityEngine.LogType,UnityEngine.LogOption,string,UnityEngine.Object)
UnityEngine.DebugLogHandler:LogFormat (UnityEngine.LogType,UnityEngine.Object,string,object[])
UnityEngine.Logger:Log (UnityEngine.LogType,object)
UnityEngine.Debug:Log (object)
BoxerP0.Editor.Blender3DAssetAudit:Audit (string,UnityEngine.GameObject) (at Assets/Editor/Blender3DAssetAudit.cs:31)
BoxerP0.Editor.Blender3DAssetAudit:Run () (at Assets/Editor/Blender3DAssetAudit.cs:17)

(Filename: Assets/Editor/Blender3DAssetAudit.cs Line: 31)

RAMIREZ_NODE=Ramirez_UAT3/RamirezRig/root/pelvis/spine local=(0, 0.00159999961, 0) rot=(0, 0, 0) scale=(1, 0.99999994, 1)
UnityEngine.Debug:ExtractStackTraceNoAlloc (byte*,int,string)
UnityEngine.StackTraceUtility:ExtractStackTrace ()
UnityEngine.DebugLogHandler:Internal_Log (UnityEngine.LogType,UnityEngine.LogOption,string,UnityEngine.Object)
UnityEngine.DebugLogHandler:LogFormat (UnityEngine.LogType,UnityEngine.Object,string,object[])
UnityEngine.Logger:Log (UnityEngine.LogType,object)
UnityEngine.Debug:Log (object)
BoxerP0.Editor.Blender3DAssetAudit:Audit (string,UnityEngine.GameObject) (at Assets/Editor/Blender3DAssetAudit.cs:31)
BoxerP0.Editor.Blender3DAssetAudit:Run () (at Assets/Editor/Blender3DAssetAudit.cs:17)

(Filename: Assets/Editor/Blender3DAssetAudit.cs Line: 31)

RAMIREZ_NODE=Ramirez_UAT3/RamirezRig/root/pelvis/spine/chest local=(0, 0.0023, 0) rot=(0, 0, 0) scale=(1, 1, 1)
UnityEngine.Debug:ExtractStackTraceNoAlloc (byte*,int,string)
UnityEngine.StackTraceUtility:ExtractStackTrace ()
UnityEngine.DebugLogHandler:Internal_Log (UnityEngine.LogType,UnityEngine.LogOption,string,UnityEngine.Object)
UnityEngine.DebugLogHandler:LogFormat (UnityEngine.LogType,UnityEngine.Object,string,object[])
UnityEngine.Logger:Log (UnityEngine.LogType,object)
UnityEngine.Debug:Log (object)
BoxerP0.Editor.Blender3DAssetAudit:Audit (string,UnityEngine.GameObject) (at Assets/Editor/Blender3DAssetAudit.cs:31)
BoxerP0.Editor.Blender3DAssetAudit:Run () (at Assets/Editor/Blender3DAssetAudit.cs:17)

(Filename: Assets/Editor/Blender3DAssetAudit.cs Line: 31)

RAMIREZ_NODE=Ramirez_UAT3/RamirezRig/root/pelvis/spine/chest/clavicle.L local=(0.0008, 0.0015499997, 0) rot=(274.9032, 315.053619, 315.0514) scale=(1.00000012, 1.00000024, 1.00000012)
UnityEngine.Debug:ExtractStackTraceNoAlloc (byte*,int,string)
UnityEngine.StackTraceUtility:ExtractStackTrace ()
UnityEngine.DebugLogHandler:Internal_Log (UnityEngine.LogType,UnityEngine.LogOption,string,UnityEngine.Object)
UnityEngine.DebugLogHandler:LogFormat (UnityEngine.LogType,UnityEngine.Object,string,object[])
UnityEngine.Logger:Log (UnityEngine.LogType,object)
UnityEngine.Debug:Log (object)
BoxerP0.Editor.Blender3DAssetAudit:Audit (string,UnityEngine.GameObject) (at Assets/Editor/Blender3DAssetAudit.cs:31)
BoxerP0.Editor.Blender3DAssetAudit:Run () (at Assets/Editor/Blender3DAssetAudit.cs:17)

(Filename: Assets/Editor/Blender3DAssetAudit.cs Line: 31)

RAMIREZ_NODE=Ramirez_UAT3/RamirezRig/root/pelvis/spine/chest/clavicle.L/upper_arm.L local=(2.44472168E-11, 0.00165302784, -2.42143861E-10) rot=(330.596, 269.119629, 62.4912643) scale=(1, 1, 1)
UnityEngine.Debug:ExtractStackTraceNoAlloc (byte*,int,string)
UnityEngine.StackTraceUtility:ExtractStackTrace ()
UnityEngine.DebugLogHandler:Internal_Log (UnityEngine.LogType,UnityEngine.LogOption,string,UnityEngine.Object)
UnityEngine.DebugLogHandler:LogFormat (UnityEngine.LogType,UnityEngine.Object,string,object[])
UnityEngine.Logger:Log (UnityEngine.LogType,object)
UnityEngine.Debug:Log (object)
BoxerP0.Editor.Blender3DAssetAudit:Audit (string,UnityEngine.GameObject) (at Assets/Editor/Blender3DAssetAudit.cs:31)
BoxerP0.Editor.Blender3DAssetAudit:Run () (at Assets/Editor/Blender3DAssetAudit.cs:17)

(Filename: Assets/Editor/Blender3DAssetAudit.cs Line: 31)

RAMIREZ_NODE=Ramirez_UAT3/RamirezRig/root/pelvis/spine/chest/clavicle.L/upper_arm.L/forearm.L local=(-6.14672868E-10, 0.00241298438, -3.72529022E-11) rot=(345.4279, 93.45371, 230.439957) scale=(0.9999999, 0.99999994, 1)
UnityEngine.Debug:ExtractStackTraceNoAlloc (byte*,int,string)
UnityEngine.StackTraceUtility:ExtractStackTrace ()
UnityEngine.DebugLogHandler:Internal_Log (UnityEngine.LogType,UnityEngine.LogOption,string,UnityEngine.Object)
UnityEngine.DebugLogHandler:LogFormat (UnityEngine.LogType,UnityEngine.Object,string,object[])
UnityEngine.Logger:Log (UnityEngine.LogType,object)
UnityEngine.Debug:Log (object)
BoxerP0.Editor.Blender3DAssetAudit:Audit (string,UnityEngine.GameObject) (at Assets/Editor/Blender3DAssetAudit.cs:31)
BoxerP0.Editor.Blender3DAssetAudit:Run () (at Assets/Editor/Blender3DAssetAudit.cs:17)

(Filename: Assets/Editor/Blender3DAssetAudit.cs Line: 31)

RAMIREZ_NODE=Ramirez_UAT3/RamirezRig/root/pelvis/spine/chest/clavicle.L/upper_arm.L/forearm.L/hand.L local=(-3.91155469E-10, 0.002601921, -2.23517413E-10) rot=(9.818396E-06, -2.96686376E-05, -1.06721745E-05) scale=(0.99999994, 0.9999999, 0.99999994)
UnityEngine.Debug:ExtractStackTraceNoAlloc (byte*,int,string)
UnityEngine.StackTraceUtility:ExtractStackTrace ()
UnityEngine.DebugLogHandler:Internal_Log (UnityEngine.LogType,UnityEngine.LogOption,string,UnityEngine.Object)
UnityEngine.DebugLogHandler:LogFormat (UnityEngine.LogType,UnityEngine.Object,string,object[])
UnityEngine.Logger:Log (UnityEngine.LogType,object)
UnityEngine.Debug:Log (object)
BoxerP0.Editor.Blender3DAssetAudit:Audit (string,UnityEngine.GameObject) (at Assets/Editor/Blender3DAssetAudit.cs:31)
BoxerP0.Editor.Blender3DAssetAudit:Run () (at Assets/Editor/Blender3DAssetAudit.cs:17)

(Filename: Assets/Editor/Blender3DAssetAudit.cs Line: 31)

RAMIREZ_NODE=Ramirez_UAT3/RamirezRig/root/pelvis/spine/chest/clavicle.R local=(-0.0008, 0.0015499997, 0) rot=(274.9032, 44.9463921, 44.9485931) scale=(1.00000012, 1.00000024, 1.00000012)
UnityEngine.Debug:ExtractStackTraceNoAlloc (byte*,int,string)
UnityEngine.StackTraceUtility:ExtractStackTrace ()
UnityEngine.DebugLogHandler:Internal_Log (UnityEngine.LogType,UnityEngine.LogOption,string,UnityEngine.Object)
UnityEngine.DebugLogHandler:LogFormat (UnityEngine.LogType,UnityEngine.Object,string,object[])
UnityEngine.Logger:Log (UnityEngine.LogType,object)
UnityEngine.Debug:Log (object)
BoxerP0.Editor.Blender3DAssetAudit:Audit (string,UnityEngine.GameObject) (at Assets/Editor/Blender3DAssetAudit.cs:31)
BoxerP0.Editor.Blender3DAssetAudit:Run () (at Assets/Editor/Blender3DAssetAudit.cs:17)

(Filename: Assets/Editor/Blender3DAssetAudit.cs Line: 31)

RAMIREZ_NODE=Ramirez_UAT3/RamirezRig/root/pelvis/spine/chest/clavicle.R/upper_arm.R local=(-2.44472168E-11, 0.00165302784, -2.42143861E-10) rot=(332.249268, 90.34566, 295.9724) scale=(1, 0.9999999, 0.9999999)
UnityEngine.Debug:ExtractStackTraceNoAlloc (byte*,int,string)
UnityEngine.StackTraceUtility:ExtractStackTrace ()
UnityEngine.DebugLogHandler:Internal_Log (UnityEngine.LogType,UnityEngine.LogOption,string,UnityEngine.Object)
UnityEngine.DebugLogHandler:LogFormat (UnityEngine.LogType,UnityEngine.Object,string,object[])
UnityEngine.Logger:Log (UnityEngine.LogType,object)
UnityEngine.Debug:Log (object)
BoxerP0.Editor.Blender3DAssetAudit:Audit (string,UnityEngine.GameObject) (at Assets/Editor/Blender3DAssetAudit.cs:31)
BoxerP0.Editor.Blender3DAssetAudit:Run () (at Assets/Editor/Blender3DAssetAudit.cs:17)

(Filename: Assets/Editor/Blender3DAssetAudit.cs Line: 31)

RAMIREZ_NODE=Ramirez_UAT3/RamirezRig/root/pelvis/spine/chest/clavicle.R/upper_arm.R/forearm.R local=(4.656613E-10, 0.00226329383, 9.313225E-11) rot=(341.98175, 266.453979, 127.824654) scale=(1, 1.00000012, 0.99999994)
UnityEngine.Debug:ExtractStackTraceNoAlloc (byte*,int,string)
UnityEngine.StackTraceUtility:ExtractStackTrace ()
UnityEngine.DebugLogHandler:Internal_Log (UnityEngine.LogType,UnityEngine.LogOption,string,UnityEngine.Object)
UnityEngine.DebugLogHandler:LogFormat (UnityEngine.LogType,UnityEngine.Object,string,object[])
UnityEngine.Logger:Log (UnityEngine.LogType,object)
UnityEngine.Debug:Log (object)
BoxerP0.Editor.Blender3DAssetAudit:Audit (string,UnityEngine.GameObject) (at Assets/Editor/Blender3DAssetAudit.cs:31)
BoxerP0.Editor.Blender3DAssetAudit:Run () (at Assets/Editor/Blender3DAssetAudit.cs:17)

(Filename: Assets/Editor/Blender3DAssetAudit.cs Line: 31)

RAMIREZ_NODE=Ramirez_UAT3/RamirezRig/root/pelvis/spine/chest/clavicle.R/upper_arm.R/forearm.R/hand.R local=(-5.587935E-10, 0.002503997, -2.23517413E-10) rot=(2.13429345E-07, -5.634907E-05, -2.860142E-05) scale=(0.99999994, 0.9999999, 0.99999994)
UnityEngine.Debug:ExtractStackTraceNoAlloc (byte*,int,string)
UnityEngine.StackTraceUtility:ExtractStackTrace ()
UnityEngine.DebugLogHandler:Internal_Log (UnityEngine.LogType,UnityEngine.LogOption,string,UnityEngine.Object)
UnityEngine.DebugLogHandler:LogFormat (UnityEngine.LogType,UnityEngine.Object,string,object[])
UnityEngine.Logger:Log (UnityEngine.LogType,object)
UnityEngine.Debug:Log (object)
BoxerP0.Editor.Blender3DAssetAudit:Audit (string,UnityEngine.GameObject) (at Assets/Editor/Blender3DAssetAudit.cs:31)
BoxerP0.Editor.Blender3DAssetAudit:Run () (at Assets/Editor/Blender3DAssetAudit.cs:17)

(Filename: Assets/Editor/Blender3DAssetAudit.cs Line: 31)

RAMIREZ_NODE=Ramirez_UAT3/RamirezRig/root/pelvis/spine/chest/neck local=(0, 0.0019000005, 0) rot=(0, 0, 0) scale=(1, 1, 1)
UnityEngine.Debug:ExtractStackTraceNoAlloc (byte*,int,string)
UnityEngine.StackTraceUtility:ExtractStackTrace ()
UnityEngine.DebugLogHandler:Internal_Log (UnityEngine.LogType,UnityEngine.LogOption,string,UnityEngine.Object)
UnityEngine.DebugLogHandler:LogFormat (UnityEngine.LogType,UnityEngine.Object,string,object[])
UnityEngine.Logger:Log (UnityEngine.LogType,object)
UnityEngine.Debug:Log (object)
BoxerP0.Editor.Blender3DAssetAudit:Audit (string,UnityEngine.GameObject) (at Assets/Editor/Blender3DAssetAudit.cs:31)
BoxerP0.Editor.Blender3DAssetAudit:Run () (at Assets/Editor/Blender3DAssetAudit.cs:17)

(Filename: Assets/Editor/Blender3DAssetAudit.cs Line: 31)

RAMIREZ_NODE=Ramirez_UAT3/RamirezRig/root/pelvis/spine/chest/neck/head local=(0, 0.00110000011, 0) rot=(0, 0, 0) scale=(1, 1, 1)
UnityEngine.Debug:ExtractStackTraceNoAlloc (byte*,int,string)
UnityEngine.StackTraceUtility:ExtractStackTrace ()
UnityEngine.DebugLogHandler:Internal_Log (UnityEngine.LogType,UnityEngine.LogOption,string,UnityEngine.Object)
UnityEngine.DebugLogHandler:LogFormat (UnityEngine.LogType,UnityEngine.Object,string,object[])
UnityEngine.Logger:Log (UnityEngine.LogType,object)
UnityEngine.Debug:Log (object)
BoxerP0.Editor.Blender3DAssetAudit:Audit (string,UnityEngine.GameObject) (at Assets/Editor/Blender3DAssetAudit.cs:31)
BoxerP0.Editor.Blender3DAssetAudit:Run () (at Assets/Editor/Blender3DAssetAudit.cs:17)

(Filename: Assets/Editor/Blender3DAssetAudit.cs Line: 31)

RAMIREZ_NODE=Ramirez_UAT3/RamirezRig/root/pelvis/thigh.L local=(0.0017, 0.0002999997, 0) rot=(2.64659858, 177.0718, 177.071625) scale=(1.00000262, 0.9999997, 1.00000274)
UnityEngine.Debug:ExtractStackTraceNoAlloc (byte*,int,string)
UnityEngine.StackTraceUtility:ExtractStackTrace ()
UnityEngine.DebugLogHandler:Internal_Log (UnityEngine.LogType,UnityEngine.LogOption,string,UnityEngine.Object)
UnityEngine.DebugLogHandler:LogFormat (UnityEngine.LogType,UnityEngine.Object,string,object[])
UnityEngine.Logger:Log (UnityEngine.LogType,object)
UnityEngine.Debug:Log (object)
BoxerP0.Editor.Blender3DAssetAudit:Audit (string,UnityEngine.GameObject) (at Assets/Editor/Blender3DAssetAudit.cs:31)
BoxerP0.Editor.Blender3DAssetAudit:Run () (at Assets/Editor/Blender3DAssetAudit.cs:17)

(Filename: Assets/Editor/Blender3DAssetAudit.cs Line: 31)

RAMIREZ_NODE=Ramirez_UAT3/RamirezRig/root/pelvis/thigh.L/shin.L local=(1.00699254E-10, 0.00410974445, -9.31322554E-12) rot=(352.7577, 354.972656, 4.47938156) scale=(0.9999999, 0.99999994, 0.99999994)
UnityEngine.Debug:ExtractStackTraceNoAlloc (byte*,int,string)
UnityEngine.StackTraceUtility:ExtractStackTrace ()
UnityEngine.DebugLogHandler:Internal_Log (UnityEngine.LogType,UnityEngine.LogOption,string,UnityEngine.Object)
UnityEngine.DebugLogHandler:LogFormat (UnityEngine.LogType,UnityEngine.Object,string,object[])
UnityEngine.Logger:Log (UnityEngine.LogType,object)
UnityEngine.Debug:Log (object)
BoxerP0.Editor.Blender3DAssetAudit:Audit (string,UnityEngine.GameObject) (at Assets/Editor/Blender3DAssetAudit.cs:31)
BoxerP0.Editor.Blender3DAssetAudit:Run () (at Assets/Editor/Blender3DAssetAudit.cs:17)

(Filename: Assets/Editor/Blender3DAssetAudit.cs Line: 31)

RAMIREZ_NODE=Ramirez_UAT3/RamirezRig/root/pelvis/thigh.L/shin.L/foot.L local=(1.62981451E-11, 0.003963585, -1.86264511E-11) rot=(283.265869, 7.873464, 353.687653) scale=(1, 0.9999999, 0.99999994)
UnityEngine.Debug:ExtractStackTraceNoAlloc (byte*,int,string)
UnityEngine.StackTraceUtility:ExtractStackTrace ()
UnityEngine.DebugLogHandler:Internal_Log (UnityEngine.LogType,UnityEngine.LogOption,string,UnityEngine.Object)
UnityEngine.DebugLogHandler:LogFormat (UnityEngine.LogType,UnityEngine.Object,string,object[])
UnityEngine.Logger:Log (UnityEngine.LogType,object)
UnityEngine.Debug:Log (object)
BoxerP0.Editor.Blender3DAssetAudit:Audit (string,UnityEngine.GameObject) (at Assets/Editor/Blender3DAssetAudit.cs:31)
BoxerP0.Editor.Blender3DAssetAudit:Run () (at Assets/Editor/Blender3DAssetAudit.cs:17)

(Filename: Assets/Editor/Blender3DAssetAudit.cs Line: 31)

RAMIREZ_NODE=Ramirez_UAT3/RamirezRig/root/pelvis/thigh.L/shin.L/foot.L/toe.L local=(8.88812357E-11, 0.001902625, 1.71102247E-11) rot=(3.01279426, 180, 3.02944414E-07) scale=(1, 0.9999997, 1)
UnityEngine.Debug:ExtractStackTraceNoAlloc (byte*,int,string)
UnityEngine.StackTraceUtility:ExtractStackTrace ()
UnityEngine.DebugLogHandler:Internal_Log (UnityEngine.LogType,UnityEngine.LogOption,string,UnityEngine.Object)
UnityEngine.DebugLogHandler:LogFormat (UnityEngine.LogType,UnityEngine.Object,string,object[])
UnityEngine.Logger:Log (UnityEngine.LogType,object)
UnityEngine.Debug:Log (object)
BoxerP0.Editor.Blender3DAssetAudit:Audit (string,UnityEngine.GameObject) (at Assets/Editor/Blender3DAssetAudit.cs:31)
BoxerP0.Editor.Blender3DAssetAudit:Run () (at Assets/Editor/Blender3DAssetAudit.cs:17)

(Filename: Assets/Editor/Blender3DAssetAudit.cs Line: 31)

RAMIREZ_NODE=Ramirez_UAT3/RamirezRig/root/pelvis/thigh.R local=(-0.0017, 0.0002999997, 0) rot=(354.578552, 184.012634, 184.012146) scale=(1.00000691, 1.00000012, 1.00000942)
UnityEngine.Debug:ExtractStackTraceNoAlloc (byte*,int,string)
UnityEngine.StackTraceUtility:ExtractStackTrace ()
UnityEngine.DebugLogHandler:Internal_Log (UnityEngine.LogType,UnityEngine.LogOption,string,UnityEngine.Object)
UnityEngine.DebugLogHandler:LogFormat (UnityEngine.LogType,UnityEngine.Object,string,object[])
UnityEngine.Logger:Log (UnityEngine.LogType,object)
UnityEngine.Debug:Log (object)
BoxerP0.Editor.Blender3DAssetAudit:Audit (string,UnityEngine.GameObject) (at Assets/Editor/Blender3DAssetAudit.cs:31)
BoxerP0.Editor.Blender3DAssetAudit:Run () (at Assets/Editor/Blender3DAssetAudit.cs:17)

(Filename: Assets/Editor/Blender3DAssetAudit.cs Line: 31)

RAMIREZ_NODE=Ramirez_UAT3/RamirezRig/root/pelvis/thigh.R/shin.R local=(1.60653144E-10, 0.00392714934, -8.381903E-11) rot=(0.4426367, 3.97200346, 355.6187) scale=(1, 1, 1)
UnityEngine.Debug:ExtractStackTraceNoAlloc (byte*,int,string)
UnityEngine.StackTraceUtility:ExtractStackTrace ()
UnityEngine.DebugLogHandler:Internal_Log (UnityEngine.LogType,UnityEngine.LogOption,string,UnityEngine.Object)
UnityEngine.DebugLogHandler:LogFormat (UnityEngine.LogType,UnityEngine.Object,string,object[])
UnityEngine.Logger:Log (UnityEngine.LogType,object)
UnityEngine.Debug:Log (object)
BoxerP0.Editor.Blender3DAssetAudit:Audit (string,UnityEngine.GameObject) (at Assets/Editor/Blender3DAssetAudit.cs:31)
BoxerP0.Editor.Blender3DAssetAudit:Run () (at Assets/Editor/Blender3DAssetAudit.cs:17)

(Filename: Assets/Editor/Blender3DAssetAudit.cs Line: 31)

RAMIREZ_NODE=Ramirez_UAT3/RamirezRig/root/pelvis/thigh.R/shin.R/foot.R local=(-2.22949922E-10, 0.004119464, 6.052232E-11) rot=(272.559326, 180.000015, 180) scale=(1, 0.99999994, 0.99999994)
UnityEngine.Debug:ExtractStackTraceNoAlloc (byte*,int,string)
UnityEngine.StackTraceUtility:ExtractStackTrace ()
UnityEngine.DebugLogHandler:Internal_Log (UnityEngine.LogType,UnityEngine.LogOption,string,UnityEngine.Object)
UnityEngine.DebugLogHandler:LogFormat (UnityEngine.LogType,UnityEngine.Object,string,object[])
UnityEngine.Logger:Log (UnityEngine.LogType,object)
UnityEngine.Debug:Log (object)
BoxerP0.Editor.Blender3DAssetAudit:Audit (string,UnityEngine.GameObject) (at Assets/Editor/Blender3DAssetAudit.cs:31)
BoxerP0.Editor.Blender3DAssetAudit:Run () (at Assets/Editor/Blender3DAssetAudit.cs:17)

(Filename: Assets/Editor/Blender3DAssetAudit.cs Line: 31)

RAMIREZ_NODE=Ramirez_UAT3/RamirezRig/root/pelvis/thigh.R/shin.R/foot.R/toe.R local=(1.49013191E-10, 0.00190260948, 1.10753715E-11) rot=(3.01281881, 180, 2.635916E-07) scale=(1, 0.9999998, 1)
UnityEngine.Debug:ExtractStackTraceNoAlloc (byte*,int,string)
UnityEngine.StackTraceUtility:ExtractStackTrace ()
UnityEngine.DebugLogHandler:Internal_Log (UnityEngine.LogType,UnityEngine.LogOption,string,UnityEngine.Object)
UnityEngine.DebugLogHandler:LogFormat (UnityEngine.LogType,UnityEngine.Object,string,object[])
UnityEngine.Logger:Log (UnityEngine.LogType,object)
UnityEngine.Debug:Log (object)
BoxerP0.Editor.Blender3DAssetAudit:Audit (string,UnityEngine.GameObject) (at Assets/Editor/Blender3DAssetAudit.cs:31)
BoxerP0.Editor.Blender3DAssetAudit:Run () (at Assets/Editor/Blender3DAssetAudit.cs:17)

(Filename: Assets/Editor/Blender3DAssetAudit.cs Line: 31)

RAMIREZ_NODE=Ramirez_UAT3/ShinBody.L local=(0, 0, 0) rot=(270.019775, 0, 0) scale=(100, 100, 100)
UnityEngine.Debug:ExtractStackTraceNoAlloc (byte*,int,string)
UnityEngine.StackTraceUtility:ExtractStackTrace ()
UnityEngine.DebugLogHandler:Internal_Log (UnityEngine.LogType,UnityEngine.LogOption,string,UnityEngine.Object)
UnityEngine.DebugLogHandler:LogFormat (UnityEngine.LogType,UnityEngine.Object,string,object[])
UnityEngine.Logger:Log (UnityEngine.LogType,object)
UnityEngine.Debug:Log (object)
BoxerP0.Editor.Blender3DAssetAudit:Audit (string,UnityEngine.GameObject) (at Assets/Editor/Blender3DAssetAudit.cs:31)
BoxerP0.Editor.Blender3DAssetAudit:Run () (at Assets/Editor/Blender3DAssetAudit.cs:17)

(Filename: Assets/Editor/Blender3DAssetAudit.cs Line: 31)

RAMIREZ_NODE=Ramirez_UAT3/ShinBody.R local=(0, 0, 0) rot=(270.019775, 0, 0) scale=(100, 100, 100)
UnityEngine.Debug:ExtractStackTraceNoAlloc (byte*,int,string)
UnityEngine.StackTraceUtility:ExtractStackTrace ()
UnityEngine.DebugLogHandler:Internal_Log (UnityEngine.LogType,UnityEngine.LogOption,string,UnityEngine.Object)
UnityEngine.DebugLogHandler:LogFormat (UnityEngine.LogType,UnityEngine.Object,string,object[])
UnityEngine.Logger:Log (UnityEngine.LogType,object)
UnityEngine.Debug:Log (object)
BoxerP0.Editor.Blender3DAssetAudit:Audit (string,UnityEngine.GameObject) (at Assets/Editor/Blender3DAssetAudit.cs:31)
BoxerP0.Editor.Blender3DAssetAudit:Run () (at Assets/Editor/Blender3DAssetAudit.cs:17)

(Filename: Assets/Editor/Blender3DAssetAudit.cs Line: 31)

RAMIREZ_NODE=Ramirez_UAT3/ShortHem.L local=(0, 0, 0) rot=(270.019775, 0, 0) scale=(100, 100, 100)
UnityEngine.Debug:ExtractStackTraceNoAlloc (byte*,int,string)
UnityEngine.StackTraceUtility:ExtractStackTrace ()
UnityEngine.DebugLogHandler:Internal_Log (UnityEngine.LogType,UnityEngine.LogOption,string,UnityEngine.Object)
UnityEngine.DebugLogHandler:LogFormat (UnityEngine.LogType,UnityEngine.Object,string,object[])
UnityEngine.Logger:Log (UnityEngine.LogType,object)
UnityEngine.Debug:Log (object)
BoxerP0.Editor.Blender3DAssetAudit:Audit (string,UnityEngine.GameObject) (at Assets/Editor/Blender3DAssetAudit.cs:31)
BoxerP0.Editor.Blender3DAssetAudit:Run () (at Assets/Editor/Blender3DAssetAudit.cs:17)

(Filename: Assets/Editor/Blender3DAssetAudit.cs Line: 31)

RAMIREZ_NODE=Ramirez_UAT3/ShortHem.R local=(0, 0, 0) rot=(270.019775, 0, 0) scale=(100, 100, 100)
UnityEngine.Debug:ExtractStackTraceNoAlloc (byte*,int,string)
UnityEngine.StackTraceUtility:ExtractStackTrace ()
UnityEngine.DebugLogHandler:Internal_Log (UnityEngine.LogType,UnityEngine.LogOption,string,UnityEngine.Object)
UnityEngine.DebugLogHandler:LogFormat (UnityEngine.LogType,UnityEngine.Object,string,object[])
UnityEngine.Logger:Log (UnityEngine.LogType,object)
UnityEngine.Debug:Log (object)
BoxerP0.Editor.Blender3DAssetAudit:Audit (string,UnityEngine.GameObject) (at Assets/Editor/Blender3DAssetAudit.cs:31)
BoxerP0.Editor.Blender3DAssetAudit:Run () (at Assets/Editor/Blender3DAssetAudit.cs:17)

(Filename: Assets/Editor/Blender3DAssetAudit.cs Line: 31)

RAMIREZ_NODE=Ramirez_UAT3/ShortLeg.L local=(0, 0, 0) rot=(270.019775, 0, 0) scale=(100, 100, 100)
UnityEngine.Debug:ExtractStackTraceNoAlloc (byte*,int,string)
UnityEngine.StackTraceUtility:ExtractStackTrace ()
UnityEngine.DebugLogHandler:Internal_Log (UnityEngine.LogType,UnityEngine.LogOption,string,UnityEngine.Object)
UnityEngine.DebugLogHandler:LogFormat (UnityEngine.LogType,UnityEngine.Object,string,object[])
UnityEngine.Logger:Log (UnityEngine.LogType,object)
UnityEngine.Debug:Log (object)
BoxerP0.Editor.Blender3DAssetAudit:Audit (string,UnityEngine.GameObject) (at Assets/Editor/Blender3DAssetAudit.cs:31)
BoxerP0.Editor.Blender3DAssetAudit:Run () (at Assets/Editor/Blender3DAssetAudit.cs:17)

(Filename: Assets/Editor/Blender3DAssetAudit.cs Line: 31)

RAMIREZ_NODE=Ramirez_UAT3/ShortLeg.R local=(0, 0, 0) rot=(270.019775, 0, 0) scale=(100, 100, 100)
UnityEngine.Debug:ExtractStackTraceNoAlloc (byte*,int,string)
UnityEngine.StackTraceUtility:ExtractStackTrace ()
UnityEngine.DebugLogHandler:Internal_Log (UnityEngine.LogType,UnityEngine.LogOption,string,UnityEngine.Object)
UnityEngine.DebugLogHandler:LogFormat (UnityEngine.LogType,UnityEngine.Object,string,object[])
UnityEngine.Logger:Log (UnityEngine.LogType,object)
UnityEngine.Debug:Log (object)
BoxerP0.Editor.Blender3DAssetAudit:Audit (string,UnityEngine.GameObject) (at Assets/Editor/Blender3DAssetAudit.cs:31)
BoxerP0.Editor.Blender3DAssetAudit:Run () (at Assets/Editor/Blender3DAssetAudit.cs:17)

(Filename: Assets/Editor/Blender3DAssetAudit.cs Line: 31)

RAMIREZ_NODE=Ramirez_UAT3/Shorts local=(0, 0, 0) rot=(270.019775, 0, 0) scale=(100, 100, 100)
UnityEngine.Debug:ExtractStackTraceNoAlloc (byte*,int,string)
UnityEngine.StackTraceUtility:ExtractStackTrace ()
UnityEngine.DebugLogHandler:Internal_Log (UnityEngine.LogType,UnityEngine.LogOption,string,UnityEngine.Object)
UnityEngine.DebugLogHandler:LogFormat (UnityEngine.LogType,UnityEngine.Object,string,object[])
UnityEngine.Logger:Log (UnityEngine.LogType,object)
UnityEngine.Debug:Log (object)
BoxerP0.Editor.Blender3DAssetAudit:Audit (string,UnityEngine.GameObject) (at Assets/Editor/Blender3DAssetAudit.cs:31)
BoxerP0.Editor.Blender3DAssetAudit:Run () (at Assets/Editor/Blender3DAssetAudit.cs:17)

(Filename: Assets/Editor/Blender3DAssetAudit.cs Line: 31)

RAMIREZ_NODE=Ramirez_UAT3/ShortStripe.L local=(0, 0, 0) rot=(270.019775, 0, 0) scale=(100, 100, 100)
UnityEngine.Debug:ExtractStackTraceNoAlloc (byte*,int,string)
UnityEngine.StackTraceUtility:ExtractStackTrace ()
UnityEngine.DebugLogHandler:Internal_Log (UnityEngine.LogType,UnityEngine.LogOption,string,UnityEngine.Object)
UnityEngine.DebugLogHandler:LogFormat (UnityEngine.LogType,UnityEngine.Object,string,object[])
UnityEngine.Logger:Log (UnityEngine.LogType,object)
UnityEngine.Debug:Log (object)
BoxerP0.Editor.Blender3DAssetAudit:Audit (string,UnityEngine.GameObject) (at Assets/Editor/Blender3DAssetAudit.cs:31)
BoxerP0.Editor.Blender3DAssetAudit:Run () (at Assets/Editor/Blender3DAssetAudit.cs:17)

(Filename: Assets/Editor/Blender3DAssetAudit.cs Line: 31)

RAMIREZ_NODE=Ramirez_UAT3/ShortStripe.R local=(0, 0, 0) rot=(270.019775, 0, 0) scale=(100, 100, 100)
UnityEngine.Debug:ExtractStackTraceNoAlloc (byte*,int,string)
UnityEngine.StackTraceUtility:ExtractStackTrace ()
UnityEngine.DebugLogHandler:Internal_Log (UnityEngine.LogType,UnityEngine.LogOption,string,UnityEngine.Object)
UnityEngine.DebugLogHandler:LogFormat (UnityEngine.LogType,UnityEngine.Object,string,object[])
UnityEngine.Logger:Log (UnityEngine.LogType,object)
UnityEngine.Debug:Log (object)
BoxerP0.Editor.Blender3DAssetAudit:Audit (string,UnityEngine.GameObject) (at Assets/Editor/Blender3DAssetAudit.cs:31)
BoxerP0.Editor.Blender3DAssetAudit:Run () (at Assets/Editor/Blender3DAssetAudit.cs:17)

(Filename: Assets/Editor/Blender3DAssetAudit.cs Line: 31)

RAMIREZ_NODE=Ramirez_UAT3/ThighBody.L local=(0, 0, 0) rot=(270.019775, 0, 0) scale=(100, 100, 100)
UnityEngine.Debug:ExtractStackTraceNoAlloc (byte*,int,string)
UnityEngine.StackTraceUtility:ExtractStackTrace ()
UnityEngine.DebugLogHandler:Internal_Log (UnityEngine.LogType,UnityEngine.LogOption,string,UnityEngine.Object)
UnityEngine.DebugLogHandler:LogFormat (UnityEngine.LogType,UnityEngine.Object,string,object[])
UnityEngine.Logger:Log (UnityEngine.LogType,object)
UnityEngine.Debug:Log (object)
BoxerP0.Editor.Blender3DAssetAudit:Audit (string,UnityEngine.GameObject) (at Assets/Editor/Blender3DAssetAudit.cs:31)
BoxerP0.Editor.Blender3DAssetAudit:Run () (at Assets/Editor/Blender3DAssetAudit.cs:17)

(Filename: Assets/Editor/Blender3DAssetAudit.cs Line: 31)

RAMIREZ_NODE=Ramirez_UAT3/ThighBody.R local=(0, 0, 0) rot=(270.019775, 0, 0) scale=(100, 100, 100)
UnityEngine.Debug:ExtractStackTraceNoAlloc (byte*,int,string)
UnityEngine.StackTraceUtility:ExtractStackTrace ()
UnityEngine.DebugLogHandler:Internal_Log (UnityEngine.LogType,UnityEngine.LogOption,string,UnityEngine.Object)
UnityEngine.DebugLogHandler:LogFormat (UnityEngine.LogType,UnityEngine.Object,string,object[])
UnityEngine.Logger:Log (UnityEngine.LogType,object)
UnityEngine.Debug:Log (object)
BoxerP0.Editor.Blender3DAssetAudit:Audit (string,UnityEngine.GameObject) (at Assets/Editor/Blender3DAssetAudit.cs:31)
BoxerP0.Editor.Blender3DAssetAudit:Run () (at Assets/Editor/Blender3DAssetAudit.cs:17)

(Filename: Assets/Editor/Blender3DAssetAudit.cs Line: 31)

RAMIREZ_NODE=Ramirez_UAT3/Torso local=(0, 0, 0) rot=(270.019775, 0, 0) scale=(100, 100, 100)
UnityEngine.Debug:ExtractStackTraceNoAlloc (byte*,int,string)
UnityEngine.StackTraceUtility:ExtractStackTrace ()
UnityEngine.DebugLogHandler:Internal_Log (UnityEngine.LogType,UnityEngine.LogOption,string,UnityEngine.Object)
UnityEngine.DebugLogHandler:LogFormat (UnityEngine.LogType,UnityEngine.Object,string,object[])
UnityEngine.Logger:Log (UnityEngine.LogType,object)
UnityEngine.Debug:Log (object)
BoxerP0.Editor.Blender3DAssetAudit:Audit (string,UnityEngine.GameObject) (at Assets/Editor/Blender3DAssetAudit.cs:31)
BoxerP0.Editor.Blender3DAssetAudit:Run () (at Assets/Editor/Blender3DAssetAudit.cs:17)

(Filename: Assets/Editor/Blender3DAssetAudit.cs Line: 31)

RAMIREZ_NODE=Ramirez_UAT3/Trap.L local=(0, 0, 0) rot=(270.019775, 0, 0) scale=(100, 100, 100)
UnityEngine.Debug:ExtractStackTraceNoAlloc (byte*,int,string)
UnityEngine.StackTraceUtility:ExtractStackTrace ()
UnityEngine.DebugLogHandler:Internal_Log (UnityEngine.LogType,UnityEngine.LogOption,string,UnityEngine.Object)
UnityEngine.DebugLogHandler:LogFormat (UnityEngine.LogType,UnityEngine.Object,string,object[])
UnityEngine.Logger:Log (UnityEngine.LogType,object)
UnityEngine.Debug:Log (object)
BoxerP0.Editor.Blender3DAssetAudit:Audit (string,UnityEngine.GameObject) (at Assets/Editor/Blender3DAssetAudit.cs:31)
BoxerP0.Editor.Blender3DAssetAudit:Run () (at Assets/Editor/Blender3DAssetAudit.cs:17)

(Filename: Assets/Editor/Blender3DAssetAudit.cs Line: 31)

RAMIREZ_NODE=Ramirez_UAT3/Trap.R local=(0, 0, 0) rot=(270.019775, 0, 0) scale=(100, 100, 100)
UnityEngine.Debug:ExtractStackTraceNoAlloc (byte*,int,string)
UnityEngine.StackTraceUtility:ExtractStackTrace ()
UnityEngine.DebugLogHandler:Internal_Log (UnityEngine.LogType,UnityEngine.LogOption,string,UnityEngine.Object)
UnityEngine.DebugLogHandler:LogFormat (UnityEngine.LogType,UnityEngine.Object,string,object[])
UnityEngine.Logger:Log (UnityEngine.LogType,object)
UnityEngine.Debug:Log (object)
BoxerP0.Editor.Blender3DAssetAudit:Audit (string,UnityEngine.GameObject) (at Assets/Editor/Blender3DAssetAudit.cs:31)
BoxerP0.Editor.Blender3DAssetAudit:Run () (at Assets/Editor/Blender3DAssetAudit.cs:17)

(Filename: Assets/Editor/Blender3DAssetAudit.cs Line: 31)

RAMIREZ_NODE=Ramirez_UAT3/UpperArmBody.L local=(0, 0, 0) rot=(270.019775, 0, 0) scale=(100, 100, 100)
UnityEngine.Debug:ExtractStackTraceNoAlloc (byte*,int,string)
UnityEngine.StackTraceUtility:ExtractStackTrace ()
UnityEngine.DebugLogHandler:Internal_Log (UnityEngine.LogType,UnityEngine.LogOption,string,UnityEngine.Object)
UnityEngine.DebugLogHandler:LogFormat (UnityEngine.LogType,UnityEngine.Object,string,object[])
UnityEngine.Logger:Log (UnityEngine.LogType,object)
UnityEngine.Debug:Log (object)
BoxerP0.Editor.Blender3DAssetAudit:Audit (string,UnityEngine.GameObject) (at Assets/Editor/Blender3DAssetAudit.cs:31)
BoxerP0.Editor.Blender3DAssetAudit:Run () (at Assets/Editor/Blender3DAssetAudit.cs:17)

(Filename: Assets/Editor/Blender3DAssetAudit.cs Line: 31)

RAMIREZ_NODE=Ramirez_UAT3/UpperArmBody.R local=(0, 0, 0) rot=(270.019775, 0, 0) scale=(100, 100, 100)
UnityEngine.Debug:ExtractStackTraceNoAlloc (byte*,int,string)
UnityEngine.StackTraceUtility:ExtractStackTrace ()
UnityEngine.DebugLogHandler:Internal_Log (UnityEngine.LogType,UnityEngine.LogOption,string,UnityEngine.Object)
UnityEngine.DebugLogHandler:LogFormat (UnityEngine.LogType,UnityEngine.Object,string,object[])
UnityEngine.Logger:Log (UnityEngine.LogType,object)
UnityEngine.Debug:Log (object)
BoxerP0.Editor.Blender3DAssetAudit:Audit (string,UnityEngine.GameObject) (at Assets/Editor/Blender3DAssetAudit.cs:31)
BoxerP0.Editor.Blender3DAssetAudit:Run () (at Assets/Editor/Blender3DAssetAudit.cs:17)

(Filename: Assets/Editor/Blender3DAssetAudit.cs Line: 31)

RAMIREZ_NODE=Ramirez_UAT3/Waistband local=(0, 0, 0) rot=(270.019775, 0, 0) scale=(100, 100, 100)
UnityEngine.Debug:ExtractStackTraceNoAlloc (byte*,int,string)
UnityEngine.StackTraceUtility:ExtractStackTrace ()
UnityEngine.DebugLogHandler:Internal_Log (UnityEngine.LogType,UnityEngine.LogOption,string,UnityEngine.Object)
UnityEngine.DebugLogHandler:LogFormat (UnityEngine.LogType,UnityEngine.Object,string,object[])
UnityEngine.Logger:Log (UnityEngine.LogType,object)
UnityEngine.Debug:Log (object)
BoxerP0.Editor.Blender3DAssetAudit:Audit (string,UnityEngine.GameObject) (at Assets/Editor/Blender3DAssetAudit.cs:31)
BoxerP0.Editor.Blender3DAssetAudit:Run () (at Assets/Editor/Blender3DAssetAudit.cs:17)

(Filename: Assets/Editor/Blender3DAssetAudit.cs Line: 31)

RAMIREZ_NODE=Ramirez_UAT3/WaistName local=(0, 0, 0) rot=(270.019775, 0, 0) scale=(100, 100, 100)
UnityEngine.Debug:ExtractStackTraceNoAlloc (byte*,int,string)
UnityEngine.StackTraceUtility:ExtractStackTrace ()
UnityEngine.DebugLogHandler:Internal_Log (UnityEngine.LogType,UnityEngine.LogOption,string,UnityEngine.Object)
UnityEngine.DebugLogHandler:LogFormat (UnityEngine.LogType,UnityEngine.Object,string,object[])
UnityEngine.Logger:Log (UnityEngine.LogType,object)
UnityEngine.Debug:Log (object)
BoxerP0.Editor.Blender3DAssetAudit:Audit (string,UnityEngine.GameObject) (at Assets/Editor/Blender3DAssetAudit.cs:31)
BoxerP0.Editor.Blender3DAssetAudit:Run () (at Assets/Editor/Blender3DAssetAudit.cs:17)

(Filename: Assets/Editor/Blender3DAssetAudit.cs Line: 31)

PLAYER_POV_TRANSFORMS=11 MESH_FILTERS=0 SKINNED=6 TRIANGLES=2680
UnityEngine.Debug:ExtractStackTraceNoAlloc (byte*,int,string)
UnityEngine.StackTraceUtility:ExtractStackTrace ()
UnityEngine.DebugLogHandler:Internal_Log (UnityEngine.LogType,UnityEngine.LogOption,string,UnityEngine.Object)
UnityEngine.DebugLogHandler:LogFormat (UnityEngine.LogType,UnityEngine.Object,string,object[])
UnityEngine.Logger:Log (UnityEngine.LogType,object)
UnityEngine.Debug:Log (object)
BoxerP0.Editor.Blender3DAssetAudit:Audit (string,UnityEngine.GameObject) (at Assets/Editor/Blender3DAssetAudit.cs:29)
BoxerP0.Editor.Blender3DAssetAudit:Run () (at Assets/Editor/Blender3DAssetAudit.cs:18)

(Filename: Assets/Editor/Blender3DAssetAudit.cs Line: 29)

PLAYER_POV_NODE=PlayerPOVGlove_UAT3 local=(0, 0, 0) rot=(0, 0, 0) scale=(1, 1, 1)
UnityEngine.Debug:ExtractStackTraceNoAlloc (byte*,int,string)
UnityEngine.StackTraceUtility:ExtractStackTrace ()
UnityEngine.DebugLogHandler:Internal_Log (UnityEngine.LogType,UnityEngine.LogOption,string,UnityEngine.Object)
UnityEngine.DebugLogHandler:LogFormat (UnityEngine.LogType,UnityEngine.Object,string,object[])
UnityEngine.Logger:Log (UnityEngine.LogType,object)
UnityEngine.Debug:Log (object)
BoxerP0.Editor.Blender3DAssetAudit:Audit (string,UnityEngine.GameObject) (at Assets/Editor/Blender3DAssetAudit.cs:31)
BoxerP0.Editor.Blender3DAssetAudit:Run () (at Assets/Editor/Blender3DAssetAudit.cs:18)

(Filename: Assets/Editor/Blender3DAssetAudit.cs Line: 31)

PLAYER_POV_NODE=PlayerPOVGlove_UAT3/POVBadge local=(0, 0, 0) rot=(270.019775, 0, 0) scale=(100, 100, 100)
UnityEngine.Debug:ExtractStackTraceNoAlloc (byte*,int,string)
UnityEngine.StackTraceUtility:ExtractStackTrace ()
UnityEngine.DebugLogHandler:Internal_Log (UnityEngine.LogType,UnityEngine.LogOption,string,UnityEngine.Object)
UnityEngine.DebugLogHandler:LogFormat (UnityEngine.LogType,UnityEngine.Object,string,object[])
UnityEngine.Logger:Log (UnityEngine.LogType,object)
UnityEngine.Debug:Log (object)
BoxerP0.Editor.Blender3DAssetAudit:Audit (string,UnityEngine.GameObject) (at Assets/Editor/Blender3DAssetAudit.cs:31)
BoxerP0.Editor.Blender3DAssetAudit:Run () (at Assets/Editor/Blender3DAssetAudit.cs:18)

(Filename: Assets/Editor/Blender3DAssetAudit.cs Line: 31)

PLAYER_POV_NODE=PlayerPOVGlove_UAT3/POVCuff local=(0, 0, 0) rot=(270.019775, 0, 0) scale=(100, 100, 100)
UnityEngine.Debug:ExtractStackTraceNoAlloc (byte*,int,string)
UnityEngine.StackTraceUtility:ExtractStackTrace ()
UnityEngine.DebugLogHandler:Internal_Log (UnityEngine.LogType,UnityEngine.LogOption,string,UnityEngine.Object)
UnityEngine.DebugLogHandler:LogFormat (UnityEngine.LogType,UnityEngine.Object,string,object[])
UnityEngine.Logger:Log (UnityEngine.LogType,object)
UnityEngine.Debug:Log (object)
BoxerP0.Editor.Blender3DAssetAudit:Audit (string,UnityEngine.GameObject) (at Assets/Editor/Blender3DAssetAudit.cs:31)
BoxerP0.Editor.Blender3DAssetAudit:Run () (at Assets/Editor/Blender3DAssetAudit.cs:18)

(Filename: Assets/Editor/Blender3DAssetAudit.cs Line: 31)

PLAYER_POV_NODE=PlayerPOVGlove_UAT3/POVForearm local=(0, 0, 0) rot=(270.019775, 0, 0) scale=(100, 100, 100)
UnityEngine.Debug:ExtractStackTraceNoAlloc (byte*,int,string)
UnityEngine.StackTraceUtility:ExtractStackTrace ()
UnityEngine.DebugLogHandler:Internal_Log (UnityEngine.LogType,UnityEngine.LogOption,string,UnityEngine.Object)
UnityEngine.DebugLogHandler:LogFormat (UnityEngine.LogType,UnityEngine.Object,string,object[])
UnityEngine.Logger:Log (UnityEngine.LogType,object)
UnityEngine.Debug:Log (object)
BoxerP0.Editor.Blender3DAssetAudit:Audit (string,UnityEngine.GameObject) (at Assets/Editor/Blender3DAssetAudit.cs:31)
BoxerP0.Editor.Blender3DAssetAudit:Run () (at Assets/Editor/Blender3DAssetAudit.cs:18)

(Filename: Assets/Editor/Blender3DAssetAudit.cs Line: 31)

PLAYER_POV_NODE=PlayerPOVGlove_UAT3/POVGloveKnuckles local=(0, 0, 0) rot=(270.019775, 0, 0) scale=(100, 100, 100)
UnityEngine.Debug:ExtractStackTraceNoAlloc (byte*,int,string)
UnityEngine.StackTraceUtility:ExtractStackTrace ()
UnityEngine.DebugLogHandler:Internal_Log (UnityEngine.LogType,UnityEngine.LogOption,string,UnityEngine.Object)
UnityEngine.DebugLogHandler:LogFormat (UnityEngine.LogType,UnityEngine.Object,string,object[])
UnityEngine.Logger:Log (UnityEngine.LogType,object)
UnityEngine.Debug:Log (object)
BoxerP0.Editor.Blender3DAssetAudit:Audit (string,UnityEngine.GameObject) (at Assets/Editor/Blender3DAssetAudit.cs:31)
BoxerP0.Editor.Blender3DAssetAudit:Run () (at Assets/Editor/Blender3DAssetAudit.cs:18)

(Filename: Assets/Editor/Blender3DAssetAudit.cs Line: 31)

PLAYER_POV_NODE=PlayerPOVGlove_UAT3/POVGlovePalm local=(0, 0, 0) rot=(270.019775, 0, 0) scale=(100, 100, 100)
UnityEngine.Debug:ExtractStackTraceNoAlloc (byte*,int,string)
UnityEngine.StackTraceUtility:ExtractStackTrace ()
UnityEngine.DebugLogHandler:Internal_Log (UnityEngine.LogType,UnityEngine.LogOption,string,UnityEngine.Object)
UnityEngine.DebugLogHandler:LogFormat (UnityEngine.LogType,UnityEngine.Object,string,object[])
UnityEngine.Logger:Log (UnityEngine.LogType,object)
UnityEngine.Debug:Log (object)
BoxerP0.Editor.Blender3DAssetAudit:Audit (string,UnityEngine.GameObject) (at Assets/Editor/Blender3DAssetAudit.cs:31)
BoxerP0.Editor.Blender3DAssetAudit:Run () (at Assets/Editor/Blender3DAssetAudit.cs:18)

(Filename: Assets/Editor/Blender3DAssetAudit.cs Line: 31)

PLAYER_POV_NODE=PlayerPOVGlove_UAT3/POVGloveRig local=(0, 0, 0) rot=(270.019775, 0, 0) scale=(100, 100, 100)
UnityEngine.Debug:ExtractStackTraceNoAlloc (byte*,int,string)
UnityEngine.StackTraceUtility:ExtractStackTrace ()
UnityEngine.DebugLogHandler:Internal_Log (UnityEngine.LogType,UnityEngine.LogOption,string,UnityEngine.Object)
UnityEngine.DebugLogHandler:LogFormat (UnityEngine.LogType,UnityEngine.Object,string,object[])
UnityEngine.Logger:Log (UnityEngine.LogType,object)
UnityEngine.Debug:Log (object)
BoxerP0.Editor.Blender3DAssetAudit:Audit (string,UnityEngine.GameObject) (at Assets/Editor/Blender3DAssetAudit.cs:31)
BoxerP0.Editor.Blender3DAssetAudit:Run () (at Assets/Editor/Blender3DAssetAudit.cs:18)

(Filename: Assets/Editor/Blender3DAssetAudit.cs Line: 31)

PLAYER_POV_NODE=PlayerPOVGlove_UAT3/POVGloveRig/root local=(0, 0, -0.00349999988) rot=(89.98022, 0, 0) scale=(1, 1, 1)
UnityEngine.Debug:ExtractStackTraceNoAlloc (byte*,int,string)
UnityEngine.StackTraceUtility:ExtractStackTrace ()
UnityEngine.DebugLogHandler:Internal_Log (UnityEngine.LogType,UnityEngine.LogOption,string,UnityEngine.Object)
UnityEngine.DebugLogHandler:LogFormat (UnityEngine.LogType,UnityEngine.Object,string,object[])
UnityEngine.Logger:Log (UnityEngine.LogType,object)
UnityEngine.Debug:Log (object)
BoxerP0.Editor.Blender3DAssetAudit:Audit (string,UnityEngine.GameObject) (at Assets/Editor/Blender3DAssetAudit.cs:31)
BoxerP0.Editor.Blender3DAssetAudit:Run () (at Assets/Editor/Blender3DAssetAudit.cs:18)

(Filename: Assets/Editor/Blender3DAssetAudit.cs Line: 31)

PLAYER_POV_NODE=PlayerPOVGlove_UAT3/POVGloveRig/root/forearm local=(0, 0.0003999999, 0) rot=(0, 0, 0) scale=(1, 1, 1)
UnityEngine.Debug:ExtractStackTraceNoAlloc (byte*,int,string)
UnityEngine.StackTraceUtility:ExtractStackTrace ()
UnityEngine.DebugLogHandler:Internal_Log (UnityEngine.LogType,UnityEngine.LogOption,string,UnityEngine.Object)
UnityEngine.DebugLogHandler:LogFormat (UnityEngine.LogType,UnityEngine.Object,string,object[])
UnityEngine.Logger:Log (UnityEngine.LogType,object)
UnityEngine.Debug:Log (object)
BoxerP0.Editor.Blender3DAssetAudit:Audit (string,UnityEngine.GameObject) (at Assets/Editor/Blender3DAssetAudit.cs:31)
BoxerP0.Editor.Blender3DAssetAudit:Run () (at Assets/Editor/Blender3DAssetAudit.cs:18)

(Filename: Assets/Editor/Blender3DAssetAudit.cs Line: 31)

PLAYER_POV_NODE=PlayerPOVGlove_UAT3/POVGloveRig/root/forearm/hand local=(0, 0.0022, 0) rot=(0, 0, 0) scale=(1, 1, 1)
UnityEngine.Debug:ExtractStackTraceNoAlloc (byte*,int,string)
UnityEngine.StackTraceUtility:ExtractStackTrace ()
UnityEngine.DebugLogHandler:Internal_Log (UnityEngine.LogType,UnityEngine.LogOption,string,UnityEngine.Object)
UnityEngine.DebugLogHandler:LogFormat (UnityEngine.LogType,UnityEngine.Object,string,object[])
UnityEngine.Logger:Log (UnityEngine.LogType,object)
UnityEngine.Debug:Log (object)
BoxerP0.Editor.Blender3DAssetAudit:Audit (string,UnityEngine.GameObject) (at Assets/Editor/Blender3DAssetAudit.cs:31)
BoxerP0.Editor.Blender3DAssetAudit:Run () (at Assets/Editor/Blender3DAssetAudit.cs:18)

(Filename: Assets/Editor/Blender3DAssetAudit.cs Line: 31)

PLAYER_POV_NODE=PlayerPOVGlove_UAT3/POVGoldBand local=(0, 0, 0) rot=(270.019775, 0, 0) scale=(100, 100, 100)
UnityEngine.Debug:ExtractStackTraceNoAlloc (byte*,int,string)
UnityEngine.StackTraceUtility:ExtractStackTrace ()
UnityEngine.DebugLogHandler:Internal_Log (UnityEngine.LogType,UnityEngine.LogOption,string,UnityEngine.Object)
UnityEngine.DebugLogHandler:LogFormat (UnityEngine.LogType,UnityEngine.Object,string,object[])
UnityEngine.Logger:Log (UnityEngine.LogType,object)
UnityEngine.Debug:Log (object)
BoxerP0.Editor.Blender3DAssetAudit:Audit (string,UnityEngine.GameObject) (at Assets/Editor/Blender3DAssetAudit.cs:31)
BoxerP0.Editor.Blender3DAssetAudit:Run () (at Assets/Editor/Blender3DAssetAudit.cs:18)

(Filename: Assets/Editor/Blender3DAssetAudit.cs Line: 31)

BLENDER_3D_ASSET_AUDIT=PASS
UnityEngine.Debug:ExtractStackTraceNoAlloc (byte*,int,string)
UnityEngine.StackTraceUtility:ExtractStackTrace ()
UnityEngine.DebugLogHandler:Internal_Log (UnityEngine.LogType,UnityEngine.LogOption,string,UnityEngine.Object)
UnityEngine.DebugLogHandler:LogFormat (UnityEngine.LogType,UnityEngine.Object,string,object[])
UnityEngine.Logger:Log (UnityEngine.LogType,object)
UnityEngine.Debug:Log (object)
BoxerP0.Editor.Blender3DAssetAudit:Run () (at Assets/Editor/Blender3DAssetAudit.cs:19)

(Filename: Assets/Editor/Blender3DAssetAudit.cs Line: 19)

Batchmode quit successfully invoked - shutting down!
[Physics::Module] Cleanup current backend.
[Physics::Module] Id: 0xf2b8ea05
Input System module state changed to: ShutdownInProgress.
Input Polling Thread exited.
Input System module state changed to: Shutdown.
[Licensing::IpcConnector] LicenseClient-minht-6000.5.8-notifications channel disconnected successfully.
[Licensing::IpcConnector] LicenseClient-minht-6000.5.8 channel disconnected successfully.
AcceleratorClientConnectionCallback - disconnected - :0
Cleanup mono
CodeReloadManager destroyed
Exiting batchmode successfully now!
Exiting without the bug reporter. Application will terminate with return code 0